Archive member included to satisfy reference by file (symbol)

d:/tools/vsarm-rpi-pico/toolchain/10 2021.10/bin/../lib/gcc/arm-none-eabi/10.3.1/thumb/v6-m/nofp\libgcc.a(_dvmd_tls.o)
                              CMakeFiles/FreeRTOS-Template.dir/D_/Tools/vsarm-rpi-pico/pico-sdk/src/rp2_common/pico_divider/divider.S.obj (__aeabi_idiv0)
d:/tools/vsarm-rpi-pico/toolchain/10 2021.10/bin/../lib/gcc/arm-none-eabi/10.3.1/../../../../arm-none-eabi/lib/thumb/v6-m/nofp\libg.a(lib_a-calloc.o)
                              CMakeFiles/FreeRTOS-Template.dir/D_/Tools/vsarm-rpi-pico/pico-sdk/src/rp2_common/pico_malloc/pico_malloc.c.obj (calloc)
d:/tools/vsarm-rpi-pico/toolchain/10 2021.10/bin/../lib/gcc/arm-none-eabi/10.3.1/../../../../arm-none-eabi/lib/thumb/v6-m/nofp\libg.a(lib_a-callocr.o)
                              d:/tools/vsarm-rpi-pico/toolchain/10 2021.10/bin/../lib/gcc/arm-none-eabi/10.3.1/../../../../arm-none-eabi/lib/thumb/v6-m/nofp\libg.a(lib_a-calloc.o) (_calloc_r)
d:/tools/vsarm-rpi-pico/toolchain/10 2021.10/bin/../lib/gcc/arm-none-eabi/10.3.1/../../../../arm-none-eabi/lib/thumb/v6-m/nofp\libg.a(lib_a-errno.o)
                              d:/tools/vsarm-rpi-pico/toolchain/10 2021.10/bin/../lib/gcc/arm-none-eabi/10.3.1/../../../../arm-none-eabi/lib/thumb/v6-m/nofp\libg.a(lib_a-callocr.o) (__errno)
d:/tools/vsarm-rpi-pico/toolchain/10 2021.10/bin/../lib/gcc/arm-none-eabi/10.3.1/../../../../arm-none-eabi/lib/thumb/v6-m/nofp\libg.a(lib_a-impure.o)
                              d:/tools/vsarm-rpi-pico/toolchain/10 2021.10/bin/../lib/gcc/arm-none-eabi/10.3.1/../../../../arm-none-eabi/lib/thumb/v6-m/nofp\libg.a(lib_a-calloc.o) (_impure_ptr)
d:/tools/vsarm-rpi-pico/toolchain/10 2021.10/bin/../lib/gcc/arm-none-eabi/10.3.1/../../../../arm-none-eabi/lib/thumb/v6-m/nofp\libg.a(lib_a-init.o)
                              d:/tools/vsarm-rpi-pico/toolchain/10 2021.10/bin/../lib/gcc/arm-none-eabi/10.3.1/../../../../arm-none-eabi/lib/thumb/v6-m/nofp/crt0.o (__libc_init_array)
d:/tools/vsarm-rpi-pico/toolchain/10 2021.10/bin/../lib/gcc/arm-none-eabi/10.3.1/../../../../arm-none-eabi/lib/thumb/v6-m/nofp\libg.a(lib_a-malloc.o)
                              CMakeFiles/FreeRTOS-Template.dir/D_/Tools/vsarm-rpi-pico/pico-sdk/src/rp2_common/pico_malloc/pico_malloc.c.obj (malloc)
d:/tools/vsarm-rpi-pico/toolchain/10 2021.10/bin/../lib/gcc/arm-none-eabi/10.3.1/../../../../arm-none-eabi/lib/thumb/v6-m/nofp\libg.a(lib_a-mallocr.o)
                              d:/tools/vsarm-rpi-pico/toolchain/10 2021.10/bin/../lib/gcc/arm-none-eabi/10.3.1/../../../../arm-none-eabi/lib/thumb/v6-m/nofp\libg.a(lib_a-callocr.o) (_malloc_r)
d:/tools/vsarm-rpi-pico/toolchain/10 2021.10/bin/../lib/gcc/arm-none-eabi/10.3.1/../../../../arm-none-eabi/lib/thumb/v6-m/nofp\libg.a(lib_a-mlock.o)
                              d:/tools/vsarm-rpi-pico/toolchain/10 2021.10/bin/../lib/gcc/arm-none-eabi/10.3.1/../../../../arm-none-eabi/lib/thumb/v6-m/nofp\libg.a(lib_a-mallocr.o) (__malloc_lock)
d:/tools/vsarm-rpi-pico/toolchain/10 2021.10/bin/../lib/gcc/arm-none-eabi/10.3.1/../../../../arm-none-eabi/lib/thumb/v6-m/nofp\libg.a(lib_a-realloc.o)
                              CMakeFiles/FreeRTOS-Template.dir/D_/Tools/vsarm-rpi-pico/pico-sdk/src/rp2_common/pico_malloc/pico_malloc.c.obj (realloc)
d:/tools/vsarm-rpi-pico/toolchain/10 2021.10/bin/../lib/gcc/arm-none-eabi/10.3.1/../../../../arm-none-eabi/lib/thumb/v6-m/nofp\libg.a(lib_a-reallocr.o)
                              d:/tools/vsarm-rpi-pico/toolchain/10 2021.10/bin/../lib/gcc/arm-none-eabi/10.3.1/../../../../arm-none-eabi/lib/thumb/v6-m/nofp\libg.a(lib_a-realloc.o) (_realloc_r)
d:/tools/vsarm-rpi-pico/toolchain/10 2021.10/bin/../lib/gcc/arm-none-eabi/10.3.1/../../../../arm-none-eabi/lib/thumb/v6-m/nofp\libg.a(lib_a-sbrkr.o)
                              d:/tools/vsarm-rpi-pico/toolchain/10 2021.10/bin/../lib/gcc/arm-none-eabi/10.3.1/../../../../arm-none-eabi/lib/thumb/v6-m/nofp\libg.a(lib_a-mallocr.o) (_sbrk_r)
d:/tools/vsarm-rpi-pico/toolchain/10 2021.10/bin/../lib/gcc/arm-none-eabi/10.3.1/../../../../arm-none-eabi/lib/thumb/v6-m/nofp\libg.a(lib_a-strlen-stub.o)
                              CMakeFiles/FreeRTOS-Template.dir/D_/Tools/vsarm-rpi-pico/pico-sdk/src/rp2_common/pico_stdio/stdio.c.obj (strlen)
d:/tools/vsarm-rpi-pico/toolchain/10 2021.10/bin/../lib/gcc/arm-none-eabi/10.3.1/../../../../arm-none-eabi/lib/thumb/v6-m/nofp\libg.a(lib_a-freer.o)
                              d:/tools/vsarm-rpi-pico/toolchain/10 2021.10/bin/../lib/gcc/arm-none-eabi/10.3.1/../../../../arm-none-eabi/lib/thumb/v6-m/nofp\libg.a(lib_a-malloc.o) (_free_r)
d:/tools/vsarm-rpi-pico/toolchain/10 2021.10/bin/../lib/gcc/arm-none-eabi/10.3.1/../../../../arm-none-eabi/lib/thumb/v6-m/nofp\libg.a(lib_a-lock.o)
                              d:/tools/vsarm-rpi-pico/toolchain/10 2021.10/bin/../lib/gcc/arm-none-eabi/10.3.1/../../../../arm-none-eabi/lib/thumb/v6-m/nofp\libg.a(lib_a-mlock.o) (__retarget_lock_acquire_recursive)
[...]
Memory Configuration

Name             Origin             Length             Attributes
FLASH            0x10000000         0x00200000         xr
RAM              0x20000000         0x00040000         xrw
SCRATCH_X        0x20040000         0x00001000         xrw
SCRATCH_Y        0x20041000         0x00001000         xrw
*default*        0x00000000         0xffffffff

Linker script and memory map

LOAD d:/tools/vsarm-rpi-pico/toolchain/10 2021.10/bin/../lib/gcc/arm-none-eabi/10.3.1/thumb/v6-m/nofp/crti.o
LOAD d:/tools/vsarm-rpi-pico/toolchain/10 2021.10/bin/../lib/gcc/arm-none-eabi/10.3.1/thumb/v6-m/nofp/crtbegin.o
LOAD d:/tools/vsarm-rpi-pico/toolchain/10 2021.10/bin/../lib/gcc/arm-none-eabi/10.3.1/../../../../arm-none-eabi/lib/thumb/v6-m/nofp/crt0.o

.flash_begin    0x10000000        0x0
                0x10000000                __flash_binary_start = .

.boot2          0x10000000      0x100
                0x10000000                __boot2_start__ = .
 *(.boot2)
 .boot2         0x10000000      0x100 C:\Users\aprilito\AppData\Local\Temp\ccoJ1hOW.o
                0x10000100                __boot2_end__ = .
                0x00000001                ASSERT (((__boot2_end__ - __boot2_start__) == 0x100), ERROR: Pico second stage bootloader must be 256 bytes in size)

.text           0x10000100     0x6430
                0x10000100                __logical_binary_start = .
 *(.vectors)
 .vectors       0x10000100       0xd4 CMakeFiles/FreeRTOS-Template.dir/D_/Tools/vsarm-rpi-pico/pico-sdk/src/rp2_common/pico_standard_link/crt0.S.obj
                0x10000100                __VECTOR_TABLE
                0x10000100                __vectors
                0x100001c0                isr_invalid
                0x100001c0                __default_isrs_start
                0x100001c2                isr_nmi
                0x100001c4                isr_hardfault
                0x100001c6                isr_svcall
                0x100001c8                isr_pendsv
                0x100001ca                isr_systick
                0x100001cc                isr_irq23
                0x100001cc                isr_irq18
                0x100001cc                isr_irq11
                0x100001cc                isr_irq28
                0x100001cc                isr_irq19
                0x100001cc                isr_irq0
                0x100001cc                isr_irq6
                0x100001cc                isr_irq5
                0x100001cc                isr_irq12
                0x100001cc                isr_irq22
                0x100001cc                isr_irq31
                0x100001cc                isr_irq17
                0x100001cc                isr_irq27
                0x100001cc                isr_irq30
                0x100001cc                isr_irq2
                0x100001cc                isr_irq10
                0x100001cc                isr_irq8
                0x100001cc                isr_irq24
                0x100001cc                isr_irq1
                0x100001cc                isr_irq7
                0x100001cc                isr_irq21
                0x100001cc                isr_irq20
                0x100001cc                isr_irq15
                0x100001cc                isr_irq25
                0x100001cc                isr_irq13
                0x100001cc                __unhandled_user_irq
                0x100001cc                isr_irq4
                0x100001cc                isr_irq16
                0x100001cc                isr_irq29
                0x100001cc                isr_irq26
                0x100001cc                __default_isrs_end
                0x100001cc                isr_irq3
                0x100001cc                isr_irq14
                0x100001cc                isr_irq9
                0x100001d2                unhandled_user_irq_num_in_r0
 *(.binary_info_header)
 .binary_info_header
                0x100001d4       0x14 CMakeFiles/FreeRTOS-Template.dir/D_/Tools/vsarm-rpi-pico/pico-sdk/src/rp2_common/pico_standard_link/crt0.S.obj
                0x100001e8                __binary_info_header_end = .
 *(.reset)
 .reset         0x100001e8       0xa0 CMakeFiles/FreeRTOS-Template.dir/D_/Tools/vsarm-rpi-pico/pico-sdk/src/rp2_common/pico_standard_link/crt0.S.obj
                0x100001e8                _entry_point
 .reset         0x10000288       0x30 CMakeFiles/FreeRTOS-Template.dir/D_/Tools/vsarm-rpi-pico/pico-sdk/src/rp2_common/pico_standard_link/binary_info.c.obj
 *(.init)
 .init          0x100002b8        0x4 d:/tools/vsarm-rpi-pico/toolchain/10 2021.10/bin/../lib/gcc/arm-none-eabi/10.3.1/thumb/v6-m/nofp/crti.o
                0x100002b8                _init
 *(EXCLUDE_FILE(*libm.a: *libc.a:*lib_a-mem*.o *libgcc.a:) .text*)
 .text          0x100002bc       0x48 d:/tools/vsarm-rpi-pico/toolchain/10 2021.10/bin/../lib/gcc/arm-none-eabi/10.3.1/thumb/v6-m/nofp/crtbegin.o
 .text.led_task
                0x10000304       0x20 CMakeFiles/FreeRTOS-Template.dir/freertos-test.c.obj
                0x10000304                led_task
 .text.led_task2
                0x10000324       0x20 CMakeFiles/FreeRTOS-Template.dir/freertos-test.c.obj
                0x10000324                led_task2
 .text.main     0x10000344       0x54 CMakeFiles/FreeRTOS-Template.dir/freertos-test.c.obj
                0x10000344                main
 .text.gpio_set_function
                0x10000398       0x30 CMakeFiles/FreeRTOS-Template.dir/D_/Tools/vsarm-rpi-pico/pico-sdk/src/rp2_common/hardware_gpio/gpio.c.obj
                0x10000398                gpio_set_function
 .text.gpio_init
                0x100003c8       0x16 CMakeFiles/FreeRTOS-Template.dir/D_/Tools/vsarm-rpi-pico/pico-sdk/src/rp2_common/hardware_gpio/gpio.c.obj
                0x100003c8                gpio_init
 *fill*         0x100003de        0x2 
 .text.running_on_fpga
                0x100003e0       0x14 CMakeFiles/FreeRTOS-Template.dir/D_/Tools/vsarm-rpi-pico/pico-sdk/src/rp2_common/pico_platform/platform.c.obj
                0x100003e0                running_on_fpga
 .text.hw_claim_lock
                0x100003f4       0x18 CMakeFiles/FreeRTOS-Template.dir/D_/Tools/vsarm-rpi-pico/pico-sdk/src/rp2_common/hardware_claim/claim.c.obj
                0x100003f4                hw_claim_lock
 .text.hw_claim_unlock
                0x1000040c       0x14 CMakeFiles/FreeRTOS-Template.dir/D_/Tools/vsarm-rpi-pico/pico-sdk/src/rp2_common/hardware_claim/claim.c.obj
                0x1000040c                hw_claim_unlock
 .text.hw_claim_or_assert
                0x10000420       0x32 CMakeFiles/FreeRTOS-Template.dir/D_/Tools/vsarm-rpi-pico/pico-sdk/src/rp2_common/hardware_claim/claim.c.obj
                0x10000420                hw_claim_or_assert
 *fill*         0x10000452        0x2 
 .text.spin_locks_reset
                0x10000454       0x20 CMakeFiles/FreeRTOS-Template.dir/D_/Tools/vsarm-rpi-pico/pico-sdk/src/rp2_common/hardware_sync/sync.c.obj
                0x10000454                spin_locks_reset
 .text.next_striped_spin_lock_num
                0x10000474       0x1c CMakeFiles/FreeRTOS-Template.dir/D_/Tools/vsarm-rpi-pico/pico-sdk/src/rp2_common/hardware_sync/sync.c.obj
                0x10000474                next_striped_spin_lock_num
 .text.set_raw_irq_handler_and_unlock
                0x10000490       0x28 CMakeFiles/FreeRTOS-Template.dir/D_/Tools/vsarm-rpi-pico/pico-sdk/src/rp2_common/hardware_irq/irq.c.obj
 .text.make_branch
                0x100004b8       0x48 CMakeFiles/FreeRTOS-Template.dir/D_/Tools/vsarm-rpi-pico/pico-sdk/src/rp2_common/hardware_irq/irq.c.obj
 .text.insert_branch_and_link
                0x10000500       0x40 CMakeFiles/FreeRTOS-Template.dir/D_/Tools/vsarm-rpi-pico/pico-sdk/src/rp2_common/hardware_irq/irq.c.obj
 .text.irq_is_enabled
                0x10000540       0x18 CMakeFiles/FreeRTOS-Template.dir/D_/Tools/vsarm-rpi-pico/pico-sdk/src/rp2_common/hardware_irq/irq.c.obj
                0x10000540                irq_is_enabled
 .text.irq_set_mask_enabled
                0x10000558       0x20 CMakeFiles/FreeRTOS-Template.dir/D_/Tools/vsarm-rpi-pico/pico-sdk/src/rp2_common/hardware_irq/irq.c.obj
                0x10000558                irq_set_mask_enabled
 .text.irq_set_enabled
                0x10000578        0xe CMakeFiles/FreeRTOS-Template.dir/D_/Tools/vsarm-rpi-pico/pico-sdk/src/rp2_common/hardware_irq/irq.c.obj
                0x10000578                irq_set_enabled
 *fill*         0x10000586        0x2 
 .text.irq_get_vtable_handler
                0x10000588       0x10 CMakeFiles/FreeRTOS-Template.dir/D_/Tools/vsarm-rpi-pico/pico-sdk/src/rp2_common/hardware_irq/irq.c.obj
                0x10000588                irq_get_vtable_handler
 .text.irq_set_exclusive_handler
                0x10000598       0x54 CMakeFiles/FreeRTOS-Template.dir/D_/Tools/vsarm-rpi-pico/pico-sdk/src/rp2_common/hardware_irq/irq.c.obj
                0x10000598                irq_set_exclusive_handler
 .text.irq_remove_handler
                0x100005ec      0x1ac CMakeFiles/FreeRTOS-Template.dir/D_/Tools/vsarm-rpi-pico/pico-sdk/src/rp2_common/hardware_irq/irq.c.obj
                0x100005ec                irq_remove_handler
 .text.irq_set_priority
                0x10000798       0x28 CMakeFiles/FreeRTOS-Template.dir/D_/Tools/vsarm-rpi-pico/pico-sdk/src/rp2_common/hardware_irq/irq.c.obj
                0x10000798                irq_set_priority
 .text.irq_add_tail_to_free_list
                0x100007c0       0xf0 CMakeFiles/FreeRTOS-Template.dir/D_/Tools/vsarm-rpi-pico/pico-sdk/src/rp2_common/hardware_irq/irq.c.obj
                0x100007c0                irq_add_tail_to_free_list
 .text.irq_init_priorities
                0x100008b0       0x1c CMakeFiles/FreeRTOS-Template.dir/D_/Tools/vsarm-rpi-pico/pico-sdk/src/rp2_common/hardware_irq/irq.c.obj
                0x100008b0                irq_init_priorities
 .text.lock_init
                0x100008cc       0x10 CMakeFiles/FreeRTOS-Template.dir/D_/Tools/vsarm-rpi-pico/pico-sdk/src/common/pico_sync/lock_core.c.obj
                0x100008cc                lock_init
 .text.mutex_init
                0x100008dc       0x1c CMakeFiles/FreeRTOS-Template.dir/D_/Tools/vsarm-rpi-pico/pico-sdk/src/common/pico_sync/mutex.c.obj
                0x100008dc                mutex_init
 .text.recursive_mutex_init
                0x100008f8       0x20 CMakeFiles/FreeRTOS-Template.dir/D_/Tools/vsarm-rpi-pico/pico-sdk/src/common/pico_sync/mutex.c.obj
                0x100008f8                recursive_mutex_init
 .text.alarm_pool_post_alloc_init
                0x10000918       0x40 CMakeFiles/FreeRTOS-Template.dir/D_/Tools/vsarm-rpi-pico/pico-sdk/src/common/pico_time/time.c.obj
 .text.sleep_until_callback
                0x10000958       0x28 CMakeFiles/FreeRTOS-Template.dir/D_/Tools/vsarm-rpi-pico/pico-sdk/src/common/pico_time/time.c.obj
 .text.timer_pool_entry_comparator
                0x10000980       0x7c CMakeFiles/FreeRTOS-Template.dir/D_/Tools/vsarm-rpi-pico/pico-sdk/src/common/pico_time/time.c.obj
                0x10000980                timer_pool_entry_comparator
 .text.ph_add_child_node
                0x100009fc       0xa4 CMakeFiles/FreeRTOS-Template.dir/D_/Tools/vsarm-rpi-pico/pico-sdk/src/common/pico_time/time.c.obj
 .text.ph_merge_nodes
                0x10000aa0       0x3e CMakeFiles/FreeRTOS-Template.dir/D_/Tools/vsarm-rpi-pico/pico-sdk/src/common/pico_time/time.c.obj
 *fill*         0x10000ade        0x2 
 .text.add_alarm_under_lock
                0x10000ae0      0x174 CMakeFiles/FreeRTOS-Template.dir/D_/Tools/vsarm-rpi-pico/pico-sdk/src/common/pico_time/time.c.obj
 .text.alarm_pool_alarm_callback
                0x10000c54      0x33c CMakeFiles/FreeRTOS-Template.dir/D_/Tools/vsarm-rpi-pico/pico-sdk/src/common/pico_time/time.c.obj
 .text.alarm_pool_init_default
                0x10000f90       0x40 CMakeFiles/FreeRTOS-Template.dir/D_/Tools/vsarm-rpi-pico/pico-sdk/src/common/pico_time/time.c.obj
                0x10000f90                alarm_pool_init_default
 .text.alarm_pool_get_default
                0x10000fd0       0x2c CMakeFiles/FreeRTOS-Template.dir/D_/Tools/vsarm-rpi-pico/pico-sdk/src/common/pico_time/time.c.obj
                0x10000fd0                alarm_pool_get_default
 .text.alarm_pool_add_alarm_at
                0x10000ffc      0x168 CMakeFiles/FreeRTOS-Template.dir/D_/Tools/vsarm-rpi-pico/pico-sdk/src/common/pico_time/time.c.obj
                0x10000ffc                alarm_pool_add_alarm_at
 .text.alarm_pool_cancel_alarm
                0x10001164       0xf8 CMakeFiles/FreeRTOS-Template.dir/D_/Tools/vsarm-rpi-pico/pico-sdk/src/common/pico_time/time.c.obj
                0x10001164                alarm_pool_cancel_alarm
 .text.best_effort_wfe_or_timeout
                0x1000125c       0xac CMakeFiles/FreeRTOS-Template.dir/D_/Tools/vsarm-rpi-pico/pico-sdk/src/common/pico_time/time.c.obj
                0x1000125c                best_effort_wfe_or_timeout
 .text.hardware_alarm_irq_handler
                0x10001308       0x90 CMakeFiles/FreeRTOS-Template.dir/D_/Tools/vsarm-rpi-pico/pico-sdk/src/rp2_common/hardware_timer/timer.c.obj
 .text.hardware_alarm_claim
                0x10001398       0x18 CMakeFiles/FreeRTOS-Template.dir/D_/Tools/vsarm-rpi-pico/pico-sdk/src/rp2_common/hardware_timer/timer.c.obj
                0x10001398                hardware_alarm_claim
 .text.time_us_64
                0x100013b0       0x18 CMakeFiles/FreeRTOS-Template.dir/D_/Tools/vsarm-rpi-pico/pico-sdk/src/rp2_common/hardware_timer/timer.c.obj
                0x100013b0                time_us_64
 .text.hardware_alarm_set_callback
                0x100013c8       0x90 CMakeFiles/FreeRTOS-Template.dir/D_/Tools/vsarm-rpi-pico/pico-sdk/src/rp2_common/hardware_timer/timer.c.obj
                0x100013c8                hardware_alarm_set_callback
 .text.hardware_alarm_set_target
                0x10001458       0xe8 CMakeFiles/FreeRTOS-Template.dir/D_/Tools/vsarm-rpi-pico/pico-sdk/src/rp2_common/hardware_timer/timer.c.obj
                0x10001458                hardware_alarm_set_target
 .text.hardware_alarm_cancel
                0x10001540       0x40 CMakeFiles/FreeRTOS-Template.dir/D_/Tools/vsarm-rpi-pico/pico-sdk/src/rp2_common/hardware_timer/timer.c.obj
                0x10001540                hardware_alarm_cancel
 .text.ph_add_child_node
                0x10001580       0xa4 CMakeFiles/FreeRTOS-Template.dir/D_/Tools/vsarm-rpi-pico/pico-sdk/src/common/pico_util/pheap.c.obj
 .text.ph_merge_nodes
                0x10001624       0x3e CMakeFiles/FreeRTOS-Template.dir/D_/Tools/vsarm-rpi-pico/pico-sdk/src/common/pico_util/pheap.c.obj
 *fill*         0x10001662        0x2 
 .text.ph_clear
                0x10001664       0x70 CMakeFiles/FreeRTOS-Template.dir/D_/Tools/vsarm-rpi-pico/pico-sdk/src/common/pico_util/pheap.c.obj
                0x10001664                ph_clear
 .text.ph_post_alloc_init
                0x100016d4        0xe CMakeFiles/FreeRTOS-Template.dir/D_/Tools/vsarm-rpi-pico/pico-sdk/src/common/pico_util/pheap.c.obj
                0x100016d4                ph_post_alloc_init
 *fill*         0x100016e2        0x2 
 .text.ph_merge_two_pass
                0x100016e4       0xa8 CMakeFiles/FreeRTOS-Template.dir/D_/Tools/vsarm-rpi-pico/pico-sdk/src/common/pico_util/pheap.c.obj
                0x100016e4                ph_merge_two_pass
 .text.ph_remove_any_head
                0x1000178c      0x128 CMakeFiles/FreeRTOS-Template.dir/D_/Tools/vsarm-rpi-pico/pico-sdk/src/common/pico_util/pheap.c.obj
 .text.ph_remove_head
                0x100018b4       0x14 CMakeFiles/FreeRTOS-Template.dir/D_/Tools/vsarm-rpi-pico/pico-sdk/src/common/pico_util/pheap.c.obj
                0x100018b4                ph_remove_head
 .text.ph_remove_and_free_node
                0x100018c8       0xf8 CMakeFiles/FreeRTOS-Template.dir/D_/Tools/vsarm-rpi-pico/pico-sdk/src/common/pico_util/pheap.c.obj
                0x100018c8                ph_remove_and_free_node
 .text.clock_configure
                0x100019c0      0x108 CMakeFiles/FreeRTOS-Template.dir/D_/Tools/vsarm-rpi-pico/pico-sdk/src/rp2_common/hardware_clocks/clocks.c.obj
                0x100019c0                clock_configure
 .text.clocks_init
                0x10001ac8      0x100 CMakeFiles/FreeRTOS-Template.dir/D_/Tools/vsarm-rpi-pico/pico-sdk/src/rp2_common/hardware_clocks/clocks.c.obj
                0x10001ac8                clocks_init
 .text.clock_get_hz
                0x10001bc8        0xc CMakeFiles/FreeRTOS-Template.dir/D_/Tools/vsarm-rpi-pico/pico-sdk/src/rp2_common/hardware_clocks/clocks.c.obj
                0x10001bc8                clock_get_hz
 .text.pll_init
                0x10001bd4      0x120 CMakeFiles/FreeRTOS-Template.dir/D_/Tools/vsarm-rpi-pico/pico-sdk/src/rp2_common/hardware_pll/pll.c.obj
                0x10001bd4                pll_init
 .text.watchdog_start_tick
                0x10001cf4       0x10 CMakeFiles/FreeRTOS-Template.dir/D_/Tools/vsarm-rpi-pico/pico-sdk/src/rp2_common/hardware_watchdog/watchdog.c.obj
                0x10001cf4                watchdog_start_tick
 .text.xosc_init
                0x10001d04       0x28 CMakeFiles/FreeRTOS-Template.dir/D_/Tools/vsarm-rpi-pico/pico-sdk/src/rp2_common/hardware_xosc/xosc.c.obj
                0x10001d04                xosc_init
 .text._exit    0x10001d2c        0x4 CMakeFiles/FreeRTOS-Template.dir/D_/Tools/vsarm-rpi-pico/pico-sdk/src/rp2_common/pico_runtime/runtime.c.obj
                0x10001d2c                _exit
 .text.exit     0x10001d30        0x6 CMakeFiles/FreeRTOS-Template.dir/D_/Tools/vsarm-rpi-pico/pico-sdk/src/rp2_common/pico_runtime/runtime.c.obj
                0x10001d30                exit
 *fill*         0x10001d36        0x2 
 .text.__assert_func
                0x10001d38       0x3c CMakeFiles/FreeRTOS-Template.dir/D_/Tools/vsarm-rpi-pico/pico-sdk/src/rp2_common/pico_runtime/runtime.c.obj
                0x10001d38                __assert_func
 .text.runtime_init
                0x10001d74       0xf8 CMakeFiles/FreeRTOS-Template.dir/D_/Tools/vsarm-rpi-pico/pico-sdk/src/rp2_common/pico_runtime/runtime.c.obj
                0x10001d74                runtime_init
 .text.panic    0x10001e6c       0x30 CMakeFiles/FreeRTOS-Template.dir/D_/Tools/vsarm-rpi-pico/pico-sdk/src/rp2_common/pico_runtime/runtime.c.obj
                0x10001e6c                panic
 .text.panic_unsupported
                0x10001e9c        0xc CMakeFiles/FreeRTOS-Template.dir/D_/Tools/vsarm-rpi-pico/pico-sdk/src/rp2_common/pico_runtime/runtime.c.obj
                0x10001e9c                panic_unsupported
 .text._out_null
                0x10001ea8        0x2 CMakeFiles/FreeRTOS-Template.dir/D_/Tools/vsarm-rpi-pico/pico-sdk/src/rp2_common/pico_printf/printf.c.obj
 .text._out_fct
                0x10001eaa        0xe CMakeFiles/FreeRTOS-Template.dir/D_/Tools/vsarm-rpi-pico/pico-sdk/src/rp2_common/pico_printf/printf.c.obj
 .text._atoi    0x10001eb8       0x24 CMakeFiles/FreeRTOS-Template.dir/D_/Tools/vsarm-rpi-pico/pico-sdk/src/rp2_common/pico_printf/printf.c.obj
 .text._out_rev
                0x10001edc       0xae CMakeFiles/FreeRTOS-Template.dir/D_/Tools/vsarm-rpi-pico/pico-sdk/src/rp2_common/pico_printf/printf.c.obj
 .text._ntoa_format
                0x10001f8a      0x112 CMakeFiles/FreeRTOS-Template.dir/D_/Tools/vsarm-rpi-pico/pico-sdk/src/rp2_common/pico_printf/printf.c.obj
 .text._ntoa_long
                0x1000209c       0xbc CMakeFiles/FreeRTOS-Template.dir/D_/Tools/vsarm-rpi-pico/pico-sdk/src/rp2_common/pico_printf/printf.c.obj
 .text._ntoa_long_long
                0x10002158       0xe2 CMakeFiles/FreeRTOS-Template.dir/D_/Tools/vsarm-rpi-pico/pico-sdk/src/rp2_common/pico_printf/printf.c.obj
 *fill*         0x1000223a        0x2 
 .text._etoa    0x1000223c      0x414 CMakeFiles/FreeRTOS-Template.dir/D_/Tools/vsarm-rpi-pico/pico-sdk/src/rp2_common/pico_printf/printf.c.obj
 .text._ftoa    0x10002650      0x354 CMakeFiles/FreeRTOS-Template.dir/D_/Tools/vsarm-rpi-pico/pico-sdk/src/rp2_common/pico_printf/printf.c.obj
 .text._vsnprintf
                0x100029a4      0x624 CMakeFiles/FreeRTOS-Template.dir/D_/Tools/vsarm-rpi-pico/pico-sdk/src/rp2_common/pico_printf/printf.c.obj
 .text.vfctprintf
                0x10002fc8       0x20 CMakeFiles/FreeRTOS-Template.dir/D_/Tools/vsarm-rpi-pico/pico-sdk/src/rp2_common/pico_printf/printf.c.obj
                0x10002fc8                vfctprintf
 .text          0x10002fe8       0x10 CMakeFiles/FreeRTOS-Template.dir/D_/Tools/vsarm-rpi-pico/pico-sdk/src/rp2_common/pico_bit_ops/bit_ops_aeabi.S.obj
 .text.rom_func_lookup
                0x10002ff8       0x10 CMakeFiles/FreeRTOS-Template.dir/D_/Tools/vsarm-rpi-pico/pico-sdk/src/rp2_common/pico_bootrom/bootrom.c.obj
                0x10002ff8                rom_func_lookup
 .text.rom_data_lookup
                0x10003008       0x10 CMakeFiles/FreeRTOS-Template.dir/D_/Tools/vsarm-rpi-pico/pico-sdk/src/rp2_common/pico_bootrom/bootrom.c.obj
                0x10003008                rom_data_lookup
 .text.rom_funcs_lookup
                0x10003018       0x36 CMakeFiles/FreeRTOS-Template.dir/D_/Tools/vsarm-rpi-pico/pico-sdk/src/rp2_common/pico_bootrom/bootrom.c.obj
                0x10003018                rom_funcs_lookup
 *fill*         0x1000304e        0x2 
 .text.__wrap___aeabi_idiv
                0x10003050       0x50 CMakeFiles/FreeRTOS-Template.dir/D_/Tools/vsarm-rpi-pico/pico-sdk/src/rp2_common/pico_divider/divider.S.obj
                0x10003050                __wrap___aeabi_idivmod
                0x10003050                divmod_s32s32
                0x10003050                div_s32s32
                0x10003050                __wrap___aeabi_idiv
                0x10003058                divmod_s32s32_unsafe
                0x10003084                divmod_s32s32_savestate
 .text.__wrap___aeabi_uidiv
                0x100030a0       0x4c CMakeFiles/FreeRTOS-Template.dir/D_/Tools/vsarm-rpi-pico/pico-sdk/src/rp2_common/pico_divider/divider.S.obj
                0x100030a0                __wrap___aeabi_uidiv
                0x100030a0                __wrap___aeabi_uidivmod
                0x100030a0                div_u32u32
                0x100030a0                divmod_u32u32
                0x100030a8                divmod_u32u32_unsafe
                0x100030d0                divmod_u32u32_savestate
 .text.__wrap___aeabi_ldiv
                0x100030ec      0x424 CMakeFiles/FreeRTOS-Template.dir/D_/Tools/vsarm-rpi-pico/pico-sdk/src/rp2_common/pico_divider/divider.S.obj
                0x100030ec                div_s64s64
                0x100030ec                divmod_s64s64
                0x100030ec                __wrap___aeabi_ldivmod
                0x1000311c                divmod_u64u64
                0x1000311c                div_u64u64
                0x1000311c                __wrap___aeabi_uldivmod
                0x1000312c                divmod_u64u64_savestate
                0x1000314c                divmod_s64s64_unsafe
                0x100031d4                divmod_u64u64_unsafe
 .text.__wrap___aeabi_darithmetic
                0x10003510       0x80 CMakeFiles/FreeRTOS-Template.dir/D_/Tools/vsarm-rpi-pico/pico-sdk/src/rp2_common/pico_double/double_aeabi.S.obj
                0x10003510                __wrap___aeabi_drsub
                0x10003516                __wrap___aeabi_dsub
                0x10003528                __wrap___aeabi_dadd
                0x1000353a                __wrap___aeabi_ddiv
                0x10003576                __wrap___aeabi_dmul
 .text.__wrap___aeabi_cdcmple
                0x10003590       0x6c CMakeFiles/FreeRTOS-Template.dir/D_/Tools/vsarm-rpi-pico/pico-sdk/src/rp2_common/pico_double/double_aeabi.S.obj
                0x10003590                __wrap___aeabi_cdrcmple
                0x100035a0                __wrap___aeabi_cdcmpeq
                0x100035a0                __wrap___aeabi_cdcmple
 .text.__wrap___aeabi_dcmplt
                0x100035fc        0xc CMakeFiles/FreeRTOS-Template.dir/D_/Tools/vsarm-rpi-pico/pico-sdk/src/rp2_common/pico_double/double_aeabi.S.obj
                0x100035fc                __wrap___aeabi_dcmplt
 .text.__wrap___aeabi_dcmple
                0x10003608       0x10 CMakeFiles/FreeRTOS-Template.dir/D_/Tools/vsarm-rpi-pico/pico-sdk/src/rp2_common/pico_double/double_aeabi.S.obj
                0x10003608                __wrap___aeabi_dcmple
 .text.__wrap___aeabi_dcmpge
                0x10003618       0x10 CMakeFiles/FreeRTOS-Template.dir/D_/Tools/vsarm-rpi-pico/pico-sdk/src/rp2_common/pico_double/double_aeabi.S.obj
                0x10003618                __wrap___aeabi_dcmpge
 .text.__wrap___aeabi_dcmpgt
                0x10003628        0xa CMakeFiles/FreeRTOS-Template.dir/D_/Tools/vsarm-rpi-pico/pico-sdk/src/rp2_common/pico_double/double_aeabi.S.obj
                0x10003628                __wrap___aeabi_dcmpgt
 .text.__wrap___aeabi_dcmpun
                0x10003632       0x1c CMakeFiles/FreeRTOS-Template.dir/D_/Tools/vsarm-rpi-pico/pico-sdk/src/rp2_common/pico_double/double_aeabi.S.obj
                0x10003632                __wrap___aeabi_dcmpun
 *fill*         0x1000364e        0x2 
 .text.__wrap___aeabi_i2d
                0x10003650       0x38 CMakeFiles/FreeRTOS-Template.dir/D_/Tools/vsarm-rpi-pico/pico-sdk/src/rp2_common/pico_double/double_aeabi.S.obj
                0x10003650                __wrap___aeabi_ui2d
                0x10003658                __wrap___aeabi_i2d
 .text.__wrap___aeabi_d2iz
                0x10003688       0x48 CMakeFiles/FreeRTOS-Template.dir/D_/Tools/vsarm-rpi-pico/pico-sdk/src/rp2_common/pico_double/double_aeabi.S.obj
                0x10003688                double2int_z
                0x10003688                __wrap___aeabi_d2iz
 .text.__wrap___aeabi_d2uiz
                0x100036d0       0x18 CMakeFiles/FreeRTOS-Template.dir/D_/Tools/vsarm-rpi-pico/pico-sdk/src/rp2_common/pico_double/double_aeabi.S.obj
                0x100036d0                __wrap___aeabi_d2uiz
                0x100036d0                double2uint
 .text.__aeabi_double_init
                0x100036e8       0xc8 CMakeFiles/FreeRTOS-Template.dir/D_/Tools/vsarm-rpi-pico/pico-sdk/src/rp2_common/pico_double/double_init_rom.c.obj
                0x100036e8                __aeabi_double_init
 .text.double_table_shim_on_use_helper
                0x100037b0       0x34 CMakeFiles/FreeRTOS-Template.dir/D_/Tools/vsarm-rpi-pico/pico-sdk/src/rp2_common/pico_double/double_v1_rom_shim.S.obj
                0x100037b0                double_table_shim_on_use_helper
 .text.__wrap___aeabi_dsub
                0x100037e4       0x10 CMakeFiles/FreeRTOS-Template.dir/D_/Tools/vsarm-rpi-pico/pico-sdk/src/rp2_common/pico_double/double_v1_rom_shim.S.obj
                0x100037e4                drsub_shim
                0x100037ea                dsub_shim
 .text.dadd_shim
                0x100037f4      0x15c CMakeFiles/FreeRTOS-Template.dir/D_/Tools/vsarm-rpi-pico/pico-sdk/src/rp2_common/pico_double/double_v1_rom_shim.S.obj
                0x100037f4                dadd_shim
 .text.dmul_shim
                0x10003950      0x15c CMakeFiles/FreeRTOS-Template.dir/D_/Tools/vsarm-rpi-pico/pico-sdk/src/rp2_common/pico_double/double_v1_rom_shim.S.obj
                0x10003950                dmul_shim
 .text.ddiv_shim
                0x10003aac      0x1b0 CMakeFiles/FreeRTOS-Template.dir/D_/Tools/vsarm-rpi-pico/pico-sdk/src/rp2_common/pico_double/double_v1_rom_shim.S.obj
                0x10003aac                ddiv_shim
 .text.double2uint_shim
                0x10003c5c        0xe CMakeFiles/FreeRTOS-Template.dir/D_/Tools/vsarm-rpi-pico/pico-sdk/src/rp2_common/pico_double/double_v1_rom_shim.S.obj
                0x10003c5c                double2uint_shim
                0x10003c5e                double2ufix_shim
 *fill*         0x10003c6a        0x2 
 .text.double2uint64_shim
                0x10003c6c       0x70 CMakeFiles/FreeRTOS-Template.dir/D_/Tools/vsarm-rpi-pico/pico-sdk/src/rp2_common/pico_double/double_v1_rom_shim.S.obj
                0x10003c6c                double2uint64_shim
                0x10003c6e                double2ufix64_shim
                0x10003c8e                d2fix_a
 .text.dunpacks
                0x10003cdc       0x3c CMakeFiles/FreeRTOS-Template.dir/D_/Tools/vsarm-rpi-pico/pico-sdk/src/rp2_common/pico_double/double_v1_rom_shim.S.obj
                0x10003cdc                dunpacks
 .text.__aeabi_float_init
                0x10003d18       0xfc CMakeFiles/FreeRTOS-Template.dir/D_/Tools/vsarm-rpi-pico/pico-sdk/src/rp2_common/pico_float/float_init_rom.c.obj
                0x10003d18                __aeabi_float_init
 .text.float_table_shim_on_use_helper
                0x10003e14       0x34 CMakeFiles/FreeRTOS-Template.dir/D_/Tools/vsarm-rpi-pico/pico-sdk/src/rp2_common/pico_float/float_v1_rom_shim.S.obj
                0x10003e14                float_table_shim_on_use_helper
 .text          0x10003e48       0x10 CMakeFiles/FreeRTOS-Template.dir/D_/Tools/vsarm-rpi-pico/pico-sdk/src/rp2_common/pico_mem_ops/mem_ops_aeabi.S.obj
                0x10003e48                __aeabi_mem_init
 .text.memset   0x10003e58        0xc CMakeFiles/FreeRTOS-Template.dir/D_/Tools/vsarm-rpi-pico/pico-sdk/src/rp2_common/pico_mem_ops/mem_ops_aeabi.S.obj
                0x10003e58                __wrap_memset
 .text.memcpy   0x10003e64        0xc CMakeFiles/FreeRTOS-Template.dir/D_/Tools/vsarm-rpi-pico/pico-sdk/src/rp2_common/pico_mem_ops/mem_ops_aeabi.S.obj
                0x10003e64                __wrap_memcpy
                0x10003e64                __wrap___aeabi_memcpy
 .text.stdio_out_chars_no_crlf
                0x10003e70        0xe CMakeFiles/FreeRTOS-Template.dir/D_/Tools/vsarm-rpi-pico/pico-sdk/src/rp2_common/pico_stdio/stdio.c.obj
 *fill*         0x10003e7e        0x2 
 .text.stdio_out_chars_crlf
                0x10003e80       0x80 CMakeFiles/FreeRTOS-Template.dir/D_/Tools/vsarm-rpi-pico/pico-sdk/src/rp2_common/pico_stdio/stdio.c.obj
 .text.stdio_stack_buffer_flush
                0x10003f00       0x44 CMakeFiles/FreeRTOS-Template.dir/D_/Tools/vsarm-rpi-pico/pico-sdk/src/rp2_common/pico_stdio/stdio.c.obj
 .text.stdio_buffered_printer
                0x10003f44       0x20 CMakeFiles/FreeRTOS-Template.dir/D_/Tools/vsarm-rpi-pico/pico-sdk/src/rp2_common/pico_stdio/stdio.c.obj
 .text.stdout_serialize_begin
                0x10003f64       0x5c CMakeFiles/FreeRTOS-Template.dir/D_/Tools/vsarm-rpi-pico/pico-sdk/src/rp2_common/pico_stdio/stdio.c.obj
                0x10003f64                stdout_serialize_begin
 .text.stdout_serialize_end
                0x10003fc0       0x10 CMakeFiles/FreeRTOS-Template.dir/D_/Tools/vsarm-rpi-pico/pico-sdk/src/rp2_common/pico_stdio/stdio.c.obj
                0x10003fc0                stdout_serialize_end
 .text.stdio_put_string
                0x10003fd0       0x98 CMakeFiles/FreeRTOS-Template.dir/D_/Tools/vsarm-rpi-pico/pico-sdk/src/rp2_common/pico_stdio/stdio.c.obj
 .text.stdio_flush
                0x10004068       0x20 CMakeFiles/FreeRTOS-Template.dir/D_/Tools/vsarm-rpi-pico/pico-sdk/src/rp2_common/pico_stdio/stdio.c.obj
                0x10004068                stdio_flush
 .text.__wrap_puts
                0x10004088       0x1e CMakeFiles/FreeRTOS-Template.dir/D_/Tools/vsarm-rpi-pico/pico-sdk/src/rp2_common/pico_stdio/stdio.c.obj
                0x10004088                __wrap_puts
 *fill*         0x100040a6        0x2 
 .text.__wrap_vprintf
                0x100040a8       0x40 CMakeFiles/FreeRTOS-Template.dir/D_/Tools/vsarm-rpi-pico/pico-sdk/src/rp2_common/pico_stdio/stdio.c.obj
                0x100040a8                __wrap_vprintf
 .text.__wrap_printf
                0x100040e8       0x18 CMakeFiles/FreeRTOS-Template.dir/D_/Tools/vsarm-rpi-pico/pico-sdk/src/rp2_common/pico_stdio/stdio.c.obj
                0x100040e8                __wrap_printf
 .text.prvHeapInit
                0x10004100       0x58 CMakeFiles/FreeRTOS-Template.dir/D_/Tools/FreeRTOS-KernelV11.0.1/portable/MemMang/heap_4.c.obj
 .text.prvInsertBlockIntoFreeList
                0x10004158       0x88 CMakeFiles/FreeRTOS-Template.dir/D_/Tools/FreeRTOS-KernelV11.0.1/portable/MemMang/heap_4.c.obj
 .text.pvPortMalloc
                0x100041e0      0x188 CMakeFiles/FreeRTOS-Template.dir/D_/Tools/FreeRTOS-KernelV11.0.1/portable/MemMang/heap_4.c.obj
                0x100041e0                pvPortMalloc
 .text.vPortFree
                0x10004368       0xa8 CMakeFiles/FreeRTOS-Template.dir/D_/Tools/FreeRTOS-KernelV11.0.1/portable/MemMang/heap_4.c.obj
                0x10004368                vPortFree
 .text.vPortSVCHandler
                0x10004410        0x2 CMakeFiles/FreeRTOS-Template.dir/D_/Tools/FreeRTOS-KernelV11.0.1/portable/ThirdParty/GCC/RP2040/port.c.obj
                0x10004410                vPortSVCHandler
 *fill*         0x10004412        0xe 
 .text.vPortStartFirstTask
                0x10004420       0x34 CMakeFiles/FreeRTOS-Template.dir/D_/Tools/FreeRTOS-KernelV11.0.1/portable/ThirdParty/GCC/RP2040/port.c.obj
 *fill*         0x10004454        0xc 
 .text.xPortPendSVHandler
                0x10004460       0x64 CMakeFiles/FreeRTOS-Template.dir/D_/Tools/FreeRTOS-KernelV11.0.1/portable/ThirdParty/GCC/RP2040/port.c.obj
                0x10004460                xPortPendSVHandler
 .text.prvTaskExitError
                0x100044c4        0x6 CMakeFiles/FreeRTOS-Template.dir/D_/Tools/FreeRTOS-KernelV11.0.1/portable/ThirdParty/GCC/RP2040/port.c.obj
 *fill*         0x100044ca        0x2 
 .text.prvFIFOInterruptHandler
                0x100044cc       0x78 CMakeFiles/FreeRTOS-Template.dir/D_/Tools/FreeRTOS-KernelV11.0.1/portable/ThirdParty/GCC/RP2040/port.c.obj
 .text.prvGetTicksToWaitBefore
                0x10004544       0x58 CMakeFiles/FreeRTOS-Template.dir/D_/Tools/FreeRTOS-KernelV11.0.1/portable/ThirdParty/GCC/RP2040/port.c.obj
 .text.pxPortInitialiseStack
                0x1000459c       0x20 CMakeFiles/FreeRTOS-Template.dir/D_/Tools/FreeRTOS-KernelV11.0.1/portable/ThirdParty/GCC/RP2040/port.c.obj
                0x1000459c                pxPortInitialiseStack
 .text.vPortYield
                0x100045bc       0x40 CMakeFiles/FreeRTOS-Template.dir/D_/Tools/FreeRTOS-KernelV11.0.1/portable/ThirdParty/GCC/RP2040/port.c.obj
                0x100045bc                vPortYield
 .text.vPortEnterCritical
                0x100045fc       0x18 CMakeFiles/FreeRTOS-Template.dir/D_/Tools/FreeRTOS-KernelV11.0.1/portable/ThirdParty/GCC/RP2040/port.c.obj
                0x100045fc                vPortEnterCritical
 .text.vPortEnableInterrupts
                0x10004614       0x28 CMakeFiles/FreeRTOS-Template.dir/D_/Tools/FreeRTOS-KernelV11.0.1/portable/ThirdParty/GCC/RP2040/port.c.obj
                0x10004614                vPortEnableInterrupts
 .text.vPortExitCritical
                0x1000463c       0x3c CMakeFiles/FreeRTOS-Template.dir/D_/Tools/FreeRTOS-KernelV11.0.1/portable/ThirdParty/GCC/RP2040/port.c.obj
                0x1000463c                vPortExitCritical
 .text.ulSetInterruptMaskFromISR
                0x10004678        0x8 CMakeFiles/FreeRTOS-Template.dir/D_/Tools/FreeRTOS-KernelV11.0.1/portable/ThirdParty/GCC/RP2040/port.c.obj
                0x10004678                ulSetInterruptMaskFromISR
 .text.vClearInterruptMaskFromISR
                0x10004680        0x6 CMakeFiles/FreeRTOS-Template.dir/D_/Tools/FreeRTOS-KernelV11.0.1/portable/ThirdParty/GCC/RP2040/port.c.obj
                0x10004680                vClearInterruptMaskFromISR
 *fill*         0x10004686        0x2 
 .text.xPortSysTickHandler
                0x10004688       0x24 CMakeFiles/FreeRTOS-Template.dir/D_/Tools/FreeRTOS-KernelV11.0.1/portable/ThirdParty/GCC/RP2040/port.c.obj
                0x10004688                xPortSysTickHandler
 .text.vPortSetupTimerInterrupt
                0x100046ac       0x34 CMakeFiles/FreeRTOS-Template.dir/D_/Tools/FreeRTOS-KernelV11.0.1/portable/ThirdParty/GCC/RP2040/port.c.obj
                0x100046ac                vPortSetupTimerInterrupt
 .text.xPortStartScheduler
                0x100046e0       0xa8 CMakeFiles/FreeRTOS-Template.dir/D_/Tools/FreeRTOS-KernelV11.0.1/portable/ThirdParty/GCC/RP2040/port.c.obj
                0x100046e0                xPortStartScheduler
 .text.ulPortLockGetCurrentOwnerId
                0x10004788       0x2c CMakeFiles/FreeRTOS-Template.dir/D_/Tools/FreeRTOS-KernelV11.0.1/portable/ThirdParty/GCC/RP2040/port.c.obj
                0x10004788                ulPortLockGetCurrentOwnerId
 .text.vPortLockInternalSpinUnlockWithNotify
                0x100047b4       0xd0 CMakeFiles/FreeRTOS-Template.dir/D_/Tools/FreeRTOS-KernelV11.0.1/portable/ThirdParty/GCC/RP2040/port.c.obj
                0x100047b4                vPortLockInternalSpinUnlockWithNotify
 .text.xPortLockInternalSpinUnlockWithBestEffortWaitOrTimeout
                0x10004884      0x120 CMakeFiles/FreeRTOS-Template.dir/D_/Tools/FreeRTOS-KernelV11.0.1/portable/ThirdParty/GCC/RP2040/port.c.obj
                0x10004884                xPortLockInternalSpinUnlockWithBestEffortWaitOrTimeout
 .text.prvRuntimeInitializer
                0x100049a4       0x28 CMakeFiles/FreeRTOS-Template.dir/D_/Tools/FreeRTOS-KernelV11.0.1/portable/ThirdParty/GCC/RP2040/port.c.obj
 .text.prvTestWaitCondition
                0x100049cc       0x1e CMakeFiles/FreeRTOS-Template.dir/D_/Tools/FreeRTOS-KernelV11.0.1/event_groups.c.obj
 .text.xEventGroupCreate
                0x100049ea       0x18 CMakeFiles/FreeRTOS-Template.dir/D_/Tools/FreeRTOS-KernelV11.0.1/event_groups.c.obj
                0x100049ea                xEventGroupCreate
 *fill*         0x10004a02        0x2 
 .text.xEventGroupWaitBits
                0x10004a04      0x124 CMakeFiles/FreeRTOS-Template.dir/D_/Tools/FreeRTOS-KernelV11.0.1/event_groups.c.obj
                0x10004a04                xEventGroupWaitBits
 .text.xEventGroupSetBits
                0x10004b28       0x98 CMakeFiles/FreeRTOS-Template.dir/D_/Tools/FreeRTOS-KernelV11.0.1/event_groups.c.obj
                0x10004b28                xEventGroupSetBits
 .text.vEventGroupSetBitsCallback
                0x10004bc0        0x8 CMakeFiles/FreeRTOS-Template.dir/D_/Tools/FreeRTOS-KernelV11.0.1/event_groups.c.obj
                0x10004bc0                vEventGroupSetBitsCallback
 .text.xEventGroupSetBitsFromISR
                0x10004bc8       0x14 CMakeFiles/FreeRTOS-Template.dir/D_/Tools/FreeRTOS-KernelV11.0.1/event_groups.c.obj
                0x10004bc8                xEventGroupSetBitsFromISR
 .text.vListInitialise
                0x10004bdc       0x16 CMakeFiles/FreeRTOS-Template.dir/D_/Tools/FreeRTOS-KernelV11.0.1/list.c.obj
                0x10004bdc                vListInitialise
 .text.vListInitialiseItem
                0x10004bf2        0x6 CMakeFiles/FreeRTOS-Template.dir/D_/Tools/FreeRTOS-KernelV11.0.1/list.c.obj
                0x10004bf2                vListInitialiseItem
 .text.vListInsert
                0x10004bf8       0x2e CMakeFiles/FreeRTOS-Template.dir/D_/Tools/FreeRTOS-KernelV11.0.1/list.c.obj
                0x10004bf8                vListInsert
 .text.uxListRemove
                0x10004c26       0x26 CMakeFiles/FreeRTOS-Template.dir/D_/Tools/FreeRTOS-KernelV11.0.1/list.c.obj
                0x10004c26                uxListRemove
 .text.prvIsQueueEmpty
                0x10004c4c       0x1c CMakeFiles/FreeRTOS-Template.dir/D_/Tools/FreeRTOS-KernelV11.0.1/queue.c.obj
 .text.prvCopyDataToQueue
                0x10004c68       0x82 CMakeFiles/FreeRTOS-Template.dir/D_/Tools/FreeRTOS-KernelV11.0.1/queue.c.obj
 .text.prvCopyDataFromQueue
                0x10004cea       0x24 CMakeFiles/FreeRTOS-Template.dir/D_/Tools/FreeRTOS-KernelV11.0.1/queue.c.obj
 *fill*         0x10004d0e        0x2 
 .text.prvNotifyQueueSetContainer
                0x10004d10       0xa8 CMakeFiles/FreeRTOS-Template.dir/D_/Tools/FreeRTOS-KernelV11.0.1/queue.c.obj
 .text.prvUnlockQueue
                0x10004db8       0x88 CMakeFiles/FreeRTOS-Template.dir/D_/Tools/FreeRTOS-KernelV11.0.1/queue.c.obj
 .text.xQueueGenericReset
                0x10004e40       0xd8 CMakeFiles/FreeRTOS-Template.dir/D_/Tools/FreeRTOS-KernelV11.0.1/queue.c.obj
                0x10004e40                xQueueGenericReset
 .text.prvInitialiseNewQueue
                0x10004f18       0x26 CMakeFiles/FreeRTOS-Template.dir/D_/Tools/FreeRTOS-KernelV11.0.1/queue.c.obj
 *fill*         0x10004f3e        0x2 
 .text.xQueueGenericCreate
                0x10004f40       0x90 CMakeFiles/FreeRTOS-Template.dir/D_/Tools/FreeRTOS-KernelV11.0.1/queue.c.obj
                0x10004f40                xQueueGenericCreate
 .text.xQueueGenericSendFromISR
                0x10004fd0      0x13c CMakeFiles/FreeRTOS-Template.dir/D_/Tools/FreeRTOS-KernelV11.0.1/queue.c.obj
                0x10004fd0                xQueueGenericSendFromISR
 .text.xQueueReceive
                0x1000510c      0x150 CMakeFiles/FreeRTOS-Template.dir/D_/Tools/FreeRTOS-KernelV11.0.1/queue.c.obj
                0x1000510c                xQueueReceive
 .text.vQueueAddToRegistry
                0x1000525c       0x64 CMakeFiles/FreeRTOS-Template.dir/D_/Tools/FreeRTOS-KernelV11.0.1/queue.c.obj
                0x1000525c                vQueueAddToRegistry
 .text.vQueueWaitForMessageRestricted
                0x100052c0       0x50 CMakeFiles/FreeRTOS-Template.dir/D_/Tools/FreeRTOS-KernelV11.0.1/queue.c.obj
                0x100052c0                vQueueWaitForMessageRestricted
 .text.prvResetNextTaskUnblockTime
                0x10005310       0x2c CMakeFiles/FreeRTOS-Template.dir/D_/Tools/FreeRTOS-KernelV11.0.1/tasks.c.obj
 .text.prvDeleteTCB
                0x1000533c       0x12 CMakeFiles/FreeRTOS-Template.dir/D_/Tools/FreeRTOS-KernelV11.0.1/tasks.c.obj
 *fill*         0x1000534e        0x2 
 .text.prvInitialiseNewTask
                0x10005350       0xb4 CMakeFiles/FreeRTOS-Template.dir/D_/Tools/FreeRTOS-KernelV11.0.1/tasks.c.obj
 .text.prvCreateTask
                0x10005404       0x5a CMakeFiles/FreeRTOS-Template.dir/D_/Tools/FreeRTOS-KernelV11.0.1/tasks.c.obj
 *fill*         0x1000545e        0x2 
 .text.prvInitialiseTaskLists
                0x10005460       0x68 CMakeFiles/FreeRTOS-Template.dir/D_/Tools/FreeRTOS-KernelV11.0.1/tasks.c.obj
 .text.prvAddNewTaskToReadyList
                0x100054c8       0xc4 CMakeFiles/FreeRTOS-Template.dir/D_/Tools/FreeRTOS-KernelV11.0.1/tasks.c.obj
 .text.prvCheckTasksWaitingTermination
                0x1000558c       0x44 CMakeFiles/FreeRTOS-Template.dir/D_/Tools/FreeRTOS-KernelV11.0.1/tasks.c.obj
 .text.prvIdleTask
                0x100055d0       0x18 CMakeFiles/FreeRTOS-Template.dir/D_/Tools/FreeRTOS-KernelV11.0.1/tasks.c.obj
 .text.prvAddCurrentTaskToDelayedList
                0x100055e8       0xa8 CMakeFiles/FreeRTOS-Template.dir/D_/Tools/FreeRTOS-KernelV11.0.1/tasks.c.obj
 .text.xTaskCreate
                0x10005690       0x24 CMakeFiles/FreeRTOS-Template.dir/D_/Tools/FreeRTOS-KernelV11.0.1/tasks.c.obj
                0x10005690                xTaskCreate
 .text.prvCreateIdleTasks
                0x100056b4       0x54 CMakeFiles/FreeRTOS-Template.dir/D_/Tools/FreeRTOS-KernelV11.0.1/tasks.c.obj
 .text.vTaskStartScheduler
                0x10005708       0x68 CMakeFiles/FreeRTOS-Template.dir/D_/Tools/FreeRTOS-KernelV11.0.1/tasks.c.obj
                0x10005708                vTaskStartScheduler
 .text.vTaskSuspendAll
                0x10005770       0x10 CMakeFiles/FreeRTOS-Template.dir/D_/Tools/FreeRTOS-KernelV11.0.1/tasks.c.obj
                0x10005770                vTaskSuspendAll
 .text.xTaskGetTickCount
                0x10005780        0xc CMakeFiles/FreeRTOS-Template.dir/D_/Tools/FreeRTOS-KernelV11.0.1/tasks.c.obj
                0x10005780                xTaskGetTickCount
 .text.uxTaskGetNumberOfTasks
                0x1000578c        0xc CMakeFiles/FreeRTOS-Template.dir/D_/Tools/FreeRTOS-KernelV11.0.1/tasks.c.obj
                0x1000578c                uxTaskGetNumberOfTasks
 .text.xTaskIncrementTick
                0x10005798      0x17c CMakeFiles/FreeRTOS-Template.dir/D_/Tools/FreeRTOS-KernelV11.0.1/tasks.c.obj
                0x10005798                xTaskIncrementTick
 .text.xTaskResumeAll
                0x10005914      0x160 CMakeFiles/FreeRTOS-Template.dir/D_/Tools/FreeRTOS-KernelV11.0.1/tasks.c.obj
                0x10005914                xTaskResumeAll
 .text.vTaskDelay
                0x10005a74       0x48 CMakeFiles/FreeRTOS-Template.dir/D_/Tools/FreeRTOS-KernelV11.0.1/tasks.c.obj
                0x10005a74                vTaskDelay
 .text.vTaskSwitchContext
                0x10005abc       0xa8 CMakeFiles/FreeRTOS-Template.dir/D_/Tools/FreeRTOS-KernelV11.0.1/tasks.c.obj
                0x10005abc                vTaskSwitchContext
 .text.vTaskPlaceOnEventList
                0x10005b64       0x3c CMakeFiles/FreeRTOS-Template.dir/D_/Tools/FreeRTOS-KernelV11.0.1/tasks.c.obj
                0x10005b64                vTaskPlaceOnEventList
 .text.vTaskPlaceOnUnorderedEventList
                0x10005ba0       0x80 CMakeFiles/FreeRTOS-Template.dir/D_/Tools/FreeRTOS-KernelV11.0.1/tasks.c.obj
                0x10005ba0                vTaskPlaceOnUnorderedEventList
 .text.vTaskPlaceOnEventListRestricted
                0x10005c20       0x60 CMakeFiles/FreeRTOS-Template.dir/D_/Tools/FreeRTOS-KernelV11.0.1/tasks.c.obj
                0x10005c20                vTaskPlaceOnEventListRestricted
 .text.xTaskRemoveFromEventList
                0x10005c80      0x100 CMakeFiles/FreeRTOS-Template.dir/D_/Tools/FreeRTOS-KernelV11.0.1/tasks.c.obj
                0x10005c80                xTaskRemoveFromEventList
 .text.vTaskRemoveFromUnorderedEventList
                0x10005d80       0xf8 CMakeFiles/FreeRTOS-Template.dir/D_/Tools/FreeRTOS-KernelV11.0.1/tasks.c.obj
                0x10005d80                vTaskRemoveFromUnorderedEventList
 .text.vTaskInternalSetTimeOutState
                0x10005e78       0x18 CMakeFiles/FreeRTOS-Template.dir/D_/Tools/FreeRTOS-KernelV11.0.1/tasks.c.obj
                0x10005e78                vTaskInternalSetTimeOutState
 .text.xTaskCheckForTimeOut
                0x10005e90       0xb4 CMakeFiles/FreeRTOS-Template.dir/D_/Tools/FreeRTOS-KernelV11.0.1/tasks.c.obj
                0x10005e90                xTaskCheckForTimeOut
 .text.vTaskMissedYield
                0x10005f44        0xc CMakeFiles/FreeRTOS-Template.dir/D_/Tools/FreeRTOS-KernelV11.0.1/tasks.c.obj
                0x10005f44                vTaskMissedYield
 .text.xTaskGetCurrentTaskHandle
                0x10005f50        0xc CMakeFiles/FreeRTOS-Template.dir/D_/Tools/FreeRTOS-KernelV11.0.1/tasks.c.obj
                0x10005f50                xTaskGetCurrentTaskHandle
 .text.xTaskGetSchedulerState
                0x10005f5c       0x24 CMakeFiles/FreeRTOS-Template.dir/D_/Tools/FreeRTOS-KernelV11.0.1/tasks.c.obj
                0x10005f5c                xTaskGetSchedulerState
 .text.xTaskPriorityDisinherit
                0x10005f80       0xc0 CMakeFiles/FreeRTOS-Template.dir/D_/Tools/FreeRTOS-KernelV11.0.1/tasks.c.obj
                0x10005f80                xTaskPriorityDisinherit
 .text.uxTaskResetEventItemValue
                0x10006040       0x18 CMakeFiles/FreeRTOS-Template.dir/D_/Tools/FreeRTOS-KernelV11.0.1/tasks.c.obj
                0x10006040                uxTaskResetEventItemValue
 .text.prvGetNextExpireTime
                0x10006058       0x24 CMakeFiles/FreeRTOS-Template.dir/D_/Tools/FreeRTOS-KernelV11.0.1/timers.c.obj
 .text.prvInsertTimerInActiveList
                0x1000607c       0x48 CMakeFiles/FreeRTOS-Template.dir/D_/Tools/FreeRTOS-KernelV11.0.1/timers.c.obj
 .text.prvReloadTimer
                0x100060c4       0x2a CMakeFiles/FreeRTOS-Template.dir/D_/Tools/FreeRTOS-KernelV11.0.1/timers.c.obj
 *fill*         0x100060ee        0x2 
 .text.prvProcessExpiredTimer
                0x100060f0       0x3c CMakeFiles/FreeRTOS-Template.dir/D_/Tools/FreeRTOS-KernelV11.0.1/timers.c.obj
 .text.prvSwitchTimerLists
                0x1000612c       0x30 CMakeFiles/FreeRTOS-Template.dir/D_/Tools/FreeRTOS-KernelV11.0.1/timers.c.obj
 .text.prvSampleTimeNow
                0x1000615c       0x2c CMakeFiles/FreeRTOS-Template.dir/D_/Tools/FreeRTOS-KernelV11.0.1/timers.c.obj
 .text.prvProcessTimerOrBlockTask
                0x10006188       0x70 CMakeFiles/FreeRTOS-Template.dir/D_/Tools/FreeRTOS-KernelV11.0.1/timers.c.obj
 .text.prvProcessReceivedCommands
                0x100061f8      0x110 CMakeFiles/FreeRTOS-Template.dir/D_/Tools/FreeRTOS-KernelV11.0.1/timers.c.obj
 .text.prvTimerTask
                0x10006308       0x16 CMakeFiles/FreeRTOS-Template.dir/D_/Tools/FreeRTOS-KernelV11.0.1/timers.c.obj
 *fill*         0x1000631e        0x2 
 .text.prvCheckForValidListAndQueue
                0x10006320       0x60 CMakeFiles/FreeRTOS-Template.dir/D_/Tools/FreeRTOS-KernelV11.0.1/timers.c.obj
 .text.xTimerCreateTimerTask
                0x10006380       0x58 CMakeFiles/FreeRTOS-Template.dir/D_/Tools/FreeRTOS-KernelV11.0.1/timers.c.obj
                0x10006380                xTimerCreateTimerTask
 .text.xTimerPendFunctionCallFromISR
                0x100063d8       0x28 CMakeFiles/FreeRTOS-Template.dir/D_/Tools/FreeRTOS-KernelV11.0.1/timers.c.obj
                0x100063d8                xTimerPendFunctionCallFromISR
 .text.exception_is_compile_time_default
                0x10006400       0x20 CMakeFiles/FreeRTOS-Template.dir/D_/Tools/vsarm-rpi-pico/pico-sdk/src/rp2_common/hardware_exception/exception.c.obj
 .text.set_raw_exception_handler_and_restore_interrupts
                0x10006420       0x18 CMakeFiles/FreeRTOS-Template.dir/D_/Tools/vsarm-rpi-pico/pico-sdk/src/rp2_common/hardware_exception/exception.c.obj
 .text.exception_get_vtable_handler
                0x10006438       0x10 CMakeFiles/FreeRTOS-Template.dir/D_/Tools/vsarm-rpi-pico/pico-sdk/src/rp2_common/hardware_exception/exception.c.obj
                0x10006438                exception_get_vtable_handler
 .text.exception_set_exclusive_handler
                0x10006448       0x44 CMakeFiles/FreeRTOS-Template.dir/D_/Tools/vsarm-rpi-pico/pico-sdk/src/rp2_common/hardware_exception/exception.c.obj
                0x10006448                exception_set_exclusive_handler
 .text.strlen   0x1000648c       0x5c d:/tools/vsarm-rpi-pico/toolchain/10 2021.10/bin/../lib/gcc/arm-none-eabi/10.3.1/../../../../arm-none-eabi/lib/thumb/v6-m/nofp\libg.a(lib_a-strlen-stub.o)
                0x1000648c                strlen
 *(.fini)
 .fini          0x100064e8        0x4 d:/tools/vsarm-rpi-pico/toolchain/10 2021.10/bin/../lib/gcc/arm-none-eabi/10.3.1/thumb/v6-m/nofp/crti.o
                0x100064e8                _fini
 *fill*         0x100064ec        0x4 
 .fini.__stub   0x100064f0       0x40 linker stubs
 *crtbegin.o(.ctors)
 *crtbegin?.o(.ctors)
 *(EXCLUDE_FILE(*crtend.o *crtend?.o) .ctors)
 *(SORT_BY_NAME(.ctors.*))
 *(.ctors)
 *crtbegin.o(.dtors)
 *crtbegin?.o(.dtors)
 *(EXCLUDE_FILE(*crtend.o *crtend?.o) .dtors)
 *(SORT_BY_NAME(.dtors.*))
 *(.dtors)
 *(.eh_frame*)
 .eh_frame      0x10006530        0x0 d:/tools/vsarm-rpi-pico/toolchain/10 2021.10/bin/../lib/gcc/arm-none-eabi/10.3.1/thumb/v6-m/nofp/crtbegin.o
                0x10006530                . = ALIGN (0x4)

.glue_7         0x10006530        0x0
 .glue_7        0x10006530        0x0 linker stubs

.glue_7t        0x10006530        0x0
 .glue_7t       0x10006530        0x0 linker stubs

.vfp11_veneer   0x10006530        0x0
 .vfp11_veneer  0x10006530        0x0 linker stubs

.v4_bx          0x10006530        0x0
 .v4_bx         0x10006530        0x0 linker stubs

.iplt           0x10006530        0x0
 .iplt          0x10006530        0x0 d:/tools/vsarm-rpi-pico/toolchain/10 2021.10/bin/../lib/gcc/arm-none-eabi/10.3.1/thumb/v6-m/nofp/crtbegin.o

.rodata         0x10006530     0x1c5c
 *(EXCLUDE_FILE(*libm.a: *libc.a:*lib_a-mem*.o *libgcc.a:) .rodata*)
 .rodata.main.str1.4
                0x10006530       0x17 CMakeFiles/FreeRTOS-Template.dir/freertos-test.c.obj
 *fill*         0x10006547        0x1 
 .rodata.make_branch.str1.4
                0x10006548       0x73 CMakeFiles/FreeRTOS-Template.dir/D_/Tools/vsarm-rpi-pico/pico-sdk/src/rp2_common/hardware_irq/irq.c.obj
 *fill*         0x100065bb        0x1 
 .rodata.insert_branch_and_link.str1.4
                0x100065bc       0x10 CMakeFiles/FreeRTOS-Template.dir/D_/Tools/vsarm-rpi-pico/pico-sdk/src/rp2_common/hardware_irq/irq.c.obj
 .rodata.irq_set_exclusive_handler.str1.4
                0x100065cc       0x36 CMakeFiles/FreeRTOS-Template.dir/D_/Tools/vsarm-rpi-pico/pico-sdk/src/rp2_common/hardware_irq/irq.c.obj
 *fill*         0x10006602        0x2 
 .rodata.irq_add_shared_handler.str1.4
                0x10006604       0xd9 CMakeFiles/FreeRTOS-Template.dir/D_/Tools/vsarm-rpi-pico/pico-sdk/src/rp2_common/hardware_irq/irq.c.obj
 *fill*         0x100066dd        0x3 
 .rodata.irq_remove_handler.str1.4
                0x100066e0       0x3a CMakeFiles/FreeRTOS-Template.dir/D_/Tools/vsarm-rpi-pico/pico-sdk/src/rp2_common/hardware_irq/irq.c.obj
 *fill*         0x1000671a        0x2 
 .rodata.irq_add_tail_to_free_list.str1.4
                0x1000671c       0x3a CMakeFiles/FreeRTOS-Template.dir/D_/Tools/vsarm-rpi-pico/pico-sdk/src/rp2_common/hardware_irq/irq.c.obj
 *fill*         0x10006756        0x2 
 .rodata.__func__.0
                0x10006758       0x1a CMakeFiles/FreeRTOS-Template.dir/D_/Tools/vsarm-rpi-pico/pico-sdk/src/rp2_common/hardware_irq/irq.c.obj
 *fill*         0x10006772        0x2 
 .rodata.__func__.1
                0x10006774       0x17 CMakeFiles/FreeRTOS-Template.dir/D_/Tools/vsarm-rpi-pico/pico-sdk/src/rp2_common/hardware_irq/irq.c.obj
 *fill*         0x1000678b        0x1 
 .rodata.__func__.2
                0x1000678c       0x13 CMakeFiles/FreeRTOS-Template.dir/D_/Tools/vsarm-rpi-pico/pico-sdk/src/rp2_common/hardware_irq/irq.c.obj
 *fill*         0x1000679f        0x1 
 .rodata.__func__.3
                0x100067a0        0xc CMakeFiles/FreeRTOS-Template.dir/D_/Tools/vsarm-rpi-pico/pico-sdk/src/rp2_common/hardware_irq/irq.c.obj
 .rodata.__func__.4
                0x100067ac        0xf CMakeFiles/FreeRTOS-Template.dir/D_/Tools/vsarm-rpi-pico/pico-sdk/src/rp2_common/hardware_irq/irq.c.obj
 *fill*         0x100067bb        0x1 
 .rodata.__func__.6
                0x100067bc       0x1a CMakeFiles/FreeRTOS-Template.dir/D_/Tools/vsarm-rpi-pico/pico-sdk/src/rp2_common/hardware_irq/irq.c.obj
 *fill*         0x100067d6        0x2 
 .rodata.str1.4
                0x100067d8       0xf9 CMakeFiles/FreeRTOS-Template.dir/D_/Tools/vsarm-rpi-pico/pico-sdk/src/common/pico_sync/mutex.c.obj
 *fill*         0x100068d1        0x3 
 .rodata.__func__.1
                0x100068d4        0xb CMakeFiles/FreeRTOS-Template.dir/D_/Tools/vsarm-rpi-pico/pico-sdk/src/common/pico_sync/mutex.c.obj
 *fill*         0x100068df        0x1 
 .rodata.__func__.3
                0x100068e0       0x18 CMakeFiles/FreeRTOS-Template.dir/D_/Tools/vsarm-rpi-pico/pico-sdk/src/common/pico_sync/mutex.c.obj
 .rodata.repeating_timer_callback.str1.4
                0x100068f8       0x51 CMakeFiles/FreeRTOS-Template.dir/D_/Tools/vsarm-rpi-pico/pico-sdk/src/common/pico_time/time.c.obj
 *fill*         0x10006949        0x3 
 .rodata.timer_pool_entry_comparator.str1.4
                0x1000694c       0x22 CMakeFiles/FreeRTOS-Template.dir/D_/Tools/vsarm-rpi-pico/pico-sdk/src/common/pico_time/time.c.obj
 *fill*         0x1000696e        0x2 
 .rodata.ph_add_child_node.str1.4
                0x10006970       0x9a CMakeFiles/FreeRTOS-Template.dir/D_/Tools/vsarm-rpi-pico/pico-sdk/src/common/pico_time/time.c.obj
 *fill*         0x10006a0a        0x2 
 .rodata.add_alarm_under_lock.str1.4
                0x10006a0c       0x28 CMakeFiles/FreeRTOS-Template.dir/D_/Tools/vsarm-rpi-pico/pico-sdk/src/common/pico_time/time.c.obj
                                 0x2b (size before relaxing)
 .rodata.alarm_pool_alarm_callback.str1.4
                0x10006a34       0x98 CMakeFiles/FreeRTOS-Template.dir/D_/Tools/vsarm-rpi-pico/pico-sdk/src/common/pico_time/time.c.obj
                                0x100 (size before relaxing)
 .rodata.alarm_pool_get_default.str1.4
                0x10006acc       0x21 CMakeFiles/FreeRTOS-Template.dir/D_/Tools/vsarm-rpi-pico/pico-sdk/src/common/pico_time/time.c.obj
 *fill*         0x10006aed        0x3 
 .rodata.alarm_pool_cancel_alarm.str1.4
                0x10006af0       0x27 CMakeFiles/FreeRTOS-Template.dir/D_/Tools/vsarm-rpi-pico/pico-sdk/src/common/pico_time/time.c.obj
 *fill*         0x10006b17        0x1 
 .rodata.__func__.1
                0x10006b18       0x18 CMakeFiles/FreeRTOS-Template.dir/D_/Tools/vsarm-rpi-pico/pico-sdk/src/common/pico_time/time.c.obj
 .rodata.__func__.10
                0x10006b30       0x15 CMakeFiles/FreeRTOS-Template.dir/D_/Tools/vsarm-rpi-pico/pico-sdk/src/common/pico_time/time.c.obj
 *fill*         0x10006b45        0x3 
 .rodata.__func__.11
                0x10006b48       0x1a CMakeFiles/FreeRTOS-Template.dir/D_/Tools/vsarm-rpi-pico/pico-sdk/src/common/pico_time/time.c.obj
 *fill*         0x10006b62        0x2 
 .rodata.__func__.12
                0x10006b64        0xa CMakeFiles/FreeRTOS-Template.dir/D_/Tools/vsarm-rpi-pico/pico-sdk/src/common/pico_time/time.c.obj
 *fill*         0x10006b6e        0x2 
 .rodata.__func__.3
                0x10006b70       0x17 CMakeFiles/FreeRTOS-Template.dir/D_/Tools/vsarm-rpi-pico/pico-sdk/src/common/pico_time/time.c.obj
 *fill*         0x10006b87        0x1 
 .rodata.__func__.4
                0x10006b88       0x12 CMakeFiles/FreeRTOS-Template.dir/D_/Tools/vsarm-rpi-pico/pico-sdk/src/common/pico_time/time.c.obj
 *fill*         0x10006b9a        0x2 
 .rodata.__func__.5
                0x10006b9c        0xd CMakeFiles/FreeRTOS-Template.dir/D_/Tools/vsarm-rpi-pico/pico-sdk/src/common/pico_time/time.c.obj
 *fill*         0x10006ba9        0x3 
 .rodata.__func__.6
                0x10006bac       0x12 CMakeFiles/FreeRTOS-Template.dir/D_/Tools/vsarm-rpi-pico/pico-sdk/src/common/pico_time/time.c.obj
 *fill*         0x10006bbe        0x2 
 .rodata.__func__.7
                0x10006bc0        0xf CMakeFiles/FreeRTOS-Template.dir/D_/Tools/vsarm-rpi-pico/pico-sdk/src/common/pico_time/time.c.obj
 *fill*         0x10006bcf        0x1 
 .rodata.__func__.8
                0x10006bd0        0xc CMakeFiles/FreeRTOS-Template.dir/D_/Tools/vsarm-rpi-pico/pico-sdk/src/common/pico_time/time.c.obj
 .rodata.__func__.9
                0x10006bdc       0x15 CMakeFiles/FreeRTOS-Template.dir/D_/Tools/vsarm-rpi-pico/pico-sdk/src/common/pico_time/time.c.obj
 *fill*         0x10006bf1        0x3 
 .rodata.hardware_alarm_claim.str1.4
                0x10006bf4       0x22 CMakeFiles/FreeRTOS-Template.dir/D_/Tools/vsarm-rpi-pico/pico-sdk/src/rp2_common/hardware_timer/timer.c.obj
 *fill*         0x10006c16        0x2 
 .rodata.hardware_alarm_set_target.str1.4
                0x10006c18       0x6b CMakeFiles/FreeRTOS-Template.dir/D_/Tools/vsarm-rpi-pico/pico-sdk/src/rp2_common/hardware_timer/timer.c.obj
 *fill*         0x10006c83        0x1 
 .rodata.__func__.0
                0x10006c84       0x1a CMakeFiles/FreeRTOS-Template.dir/D_/Tools/vsarm-rpi-pico/pico-sdk/src/rp2_common/hardware_timer/timer.c.obj
 .rodata.ph_add_child_node.str1.4
                0x10006c9e       0x9a CMakeFiles/FreeRTOS-Template.dir/D_/Tools/vsarm-rpi-pico/pico-sdk/src/common/pico_util/pheap.c.obj
 *fill*         0x10006c9e        0x2 
 .rodata.ph_remove_any_head.str1.4
                0x10006ca0       0x94 CMakeFiles/FreeRTOS-Template.dir/D_/Tools/vsarm-rpi-pico/pico-sdk/src/common/pico_util/pheap.c.obj
                                 0xa8 (size before relaxing)
 .rodata.ph_remove_and_free_node.str1.4
                0x10006d34       0x1e CMakeFiles/FreeRTOS-Template.dir/D_/Tools/vsarm-rpi-pico/pico-sdk/src/common/pico_util/pheap.c.obj
                                 0x26 (size before relaxing)
 *fill*         0x10006d52        0x2 
 .rodata.__func__.0
                0x10006d54       0x18 CMakeFiles/FreeRTOS-Template.dir/D_/Tools/vsarm-rpi-pico/pico-sdk/src/common/pico_util/pheap.c.obj
 .rodata.__func__.1
                0x10006d6c       0x13 CMakeFiles/FreeRTOS-Template.dir/D_/Tools/vsarm-rpi-pico/pico-sdk/src/common/pico_util/pheap.c.obj
 *fill*         0x10006d7f        0x1 
 .rodata.__func__.2
                0x10006d80       0x12 CMakeFiles/FreeRTOS-Template.dir/D_/Tools/vsarm-rpi-pico/pico-sdk/src/common/pico_util/pheap.c.obj
 *fill*         0x10006d92        0x2 
 .rodata.__func__.3
                0x10006d94        0xc CMakeFiles/FreeRTOS-Template.dir/D_/Tools/vsarm-rpi-pico/pico-sdk/src/common/pico_util/pheap.c.obj
 .rodata.clock_configure.str1.4
                0x10006da0       0x5d CMakeFiles/FreeRTOS-Template.dir/D_/Tools/vsarm-rpi-pico/pico-sdk/src/rp2_common/hardware_clocks/clocks.c.obj
 *fill*         0x10006dfd        0x3 
 .rodata.__func__.1
                0x10006e00       0x10 CMakeFiles/FreeRTOS-Template.dir/D_/Tools/vsarm-rpi-pico/pico-sdk/src/rp2_common/hardware_clocks/clocks.c.obj
 .rodata.pll_init.str1.4
                0x10006e10      0x128 CMakeFiles/FreeRTOS-Template.dir/D_/Tools/vsarm-rpi-pico/pico-sdk/src/rp2_common/hardware_pll/pll.c.obj
 .rodata.__func__.0
                0x10006f38        0x9 CMakeFiles/FreeRTOS-Template.dir/D_/Tools/vsarm-rpi-pico/pico-sdk/src/rp2_common/hardware_pll/pll.c.obj
 *fill*         0x10006f41        0x3 
 .rodata.__assert_func.str1.4
                0x10006f44       0x3f CMakeFiles/FreeRTOS-Template.dir/D_/Tools/vsarm-rpi-pico/pico-sdk/src/rp2_common/pico_runtime/runtime.c.obj
                                 0x43 (size before relaxing)
 *fill*         0x10006f83        0x1 
 .rodata.runtime_init.str1.4
                0x10006f84       0x67 CMakeFiles/FreeRTOS-Template.dir/D_/Tools/vsarm-rpi-pico/pico-sdk/src/rp2_common/pico_runtime/runtime.c.obj
 *fill*         0x10006feb        0x1 
 .rodata.panic.str1.4
                0x10006fec       0x12 CMakeFiles/FreeRTOS-Template.dir/D_/Tools/vsarm-rpi-pico/pico-sdk/src/rp2_common/pico_runtime/runtime.c.obj
 *fill*         0x10006ffe        0x2 
 .rodata.panic_unsupported.str1.4
                0x10007000        0xe CMakeFiles/FreeRTOS-Template.dir/D_/Tools/vsarm-rpi-pico/pico-sdk/src/rp2_common/pico_runtime/runtime.c.obj
 *fill*         0x1000700e        0x2 
 .rodata.__func__.2
                0x10007010        0xd CMakeFiles/FreeRTOS-Template.dir/D_/Tools/vsarm-rpi-pico/pico-sdk/src/rp2_common/pico_runtime/runtime.c.obj
 *fill*         0x1000701d        0x3 
 .rodata._ftoa.str1.4
                0x10007020       0x15 CMakeFiles/FreeRTOS-Template.dir/D_/Tools/vsarm-rpi-pico/pico-sdk/src/rp2_common/pico_printf/printf.c.obj
 *fill*         0x10007035        0x3 
 .rodata._vsnprintf
                0x10007038      0x1e0 CMakeFiles/FreeRTOS-Template.dir/D_/Tools/vsarm-rpi-pico/pico-sdk/src/rp2_common/pico_printf/printf.c.obj
 .rodata.pow10.0
                0x10007218       0x50 CMakeFiles/FreeRTOS-Template.dir/D_/Tools/vsarm-rpi-pico/pico-sdk/src/rp2_common/pico_printf/printf.c.obj
 .rodata.__aeabi_double_init.str1.4
                0x10007268       0xa2 CMakeFiles/FreeRTOS-Template.dir/D_/Tools/vsarm-rpi-pico/pico-sdk/src/rp2_common/pico_double/double_init_rom.c.obj
 *fill*         0x1000730a        0x2 
 .rodata.__func__.0
                0x1000730c       0x14 CMakeFiles/FreeRTOS-Template.dir/D_/Tools/vsarm-rpi-pico/pico-sdk/src/rp2_common/pico_double/double_init_rom.c.obj
 .rodata.__aeabi_float_init.str1.4
                0x10007320       0x80 CMakeFiles/FreeRTOS-Template.dir/D_/Tools/vsarm-rpi-pico/pico-sdk/src/rp2_common/pico_float/float_init_rom.c.obj
                                 0x84 (size before relaxing)
 .rodata.__func__.0
                0x100073a0       0x13 CMakeFiles/FreeRTOS-Template.dir/D_/Tools/vsarm-rpi-pico/pico-sdk/src/rp2_common/pico_float/float_init_rom.c.obj
 *fill*         0x100073b3        0x1 
 .rodata.str1.4
                0x100073b4       0x48 CMakeFiles/FreeRTOS-Template.dir/D_/Tools/vsarm-rpi-pico/pico-sdk/src/rp2_common/pico_standard_link/binary_info.c.obj
 .rodata.__bi_44
                0x100073fc        0xc CMakeFiles/FreeRTOS-Template.dir/D_/Tools/vsarm-rpi-pico/pico-sdk/src/rp2_common/pico_standard_link/binary_info.c.obj
 .rodata.__bi_75
                0x10007408        0xc CMakeFiles/FreeRTOS-Template.dir/D_/Tools/vsarm-rpi-pico/pico-sdk/src/rp2_common/pico_standard_link/binary_info.c.obj
 .rodata.__bi_81
                0x10007414        0xc CMakeFiles/FreeRTOS-Template.dir/D_/Tools/vsarm-rpi-pico/pico-sdk/src/rp2_common/pico_standard_link/binary_info.c.obj
 .rodata.stdout_serialize_begin.str1.4
                0x10007420       0x67 CMakeFiles/FreeRTOS-Template.dir/D_/Tools/vsarm-rpi-pico/pico-sdk/src/rp2_common/pico_stdio/stdio.c.obj
 .rodata.__func__.3
                0x10007420       0x15 CMakeFiles/FreeRTOS-Template.dir/D_/Tools/vsarm-rpi-pico/pico-sdk/src/rp2_common/pico_stdio/stdio.c.obj
 *fill*         0x10007435        0x3 
 .rodata.crlf_str.2
                0x10007438        0x2 CMakeFiles/FreeRTOS-Template.dir/D_/Tools/vsarm-rpi-pico/pico-sdk/src/rp2_common/pico_stdio/stdio.c.obj
 *fill*         0x1000743a        0x2 
 .rodata.prvInsertBlockIntoFreeList.str1.4
                0x1000743c       0xb6 CMakeFiles/FreeRTOS-Template.dir/D_/Tools/FreeRTOS-KernelV11.0.1/portable/MemMang/heap_4.c.obj
 *fill*         0x100074f2        0x2 
 .rodata.pvPortMalloc.str1.4
                0x100074f4      0x18d CMakeFiles/FreeRTOS-Template.dir/D_/Tools/FreeRTOS-KernelV11.0.1/portable/MemMang/heap_4.c.obj
 *fill*         0x10007681        0x3 
 .rodata.vPortFree.str1.4
                0x10007684      0x10f CMakeFiles/FreeRTOS-Template.dir/D_/Tools/FreeRTOS-KernelV11.0.1/portable/MemMang/heap_4.c.obj
 *fill*         0x10007793        0x1 
 .rodata.__func__.0
                0x10007794       0x1b CMakeFiles/FreeRTOS-Template.dir/D_/Tools/FreeRTOS-KernelV11.0.1/portable/MemMang/heap_4.c.obj
 *fill*         0x100077af        0x1 
 .rodata.__func__.1
                0x100077b0        0xa CMakeFiles/FreeRTOS-Template.dir/D_/Tools/FreeRTOS-KernelV11.0.1/portable/MemMang/heap_4.c.obj
 *fill*         0x100077ba        0x2 
 .rodata.__func__.2
                0x100077bc        0xd CMakeFiles/FreeRTOS-Template.dir/D_/Tools/FreeRTOS-KernelV11.0.1/portable/MemMang/heap_4.c.obj
 .rodata.prvGetTicksToWaitBefore.str1.4
                0x100077c9       0x67 CMakeFiles/FreeRTOS-Template.dir/D_/Tools/FreeRTOS-KernelV11.0.1/portable/ThirdParty/GCC/RP2040/port.c.obj
 *fill*         0x100077c9        0x3 
 .rodata.vPortYield.str1.4
                0x100077cc       0x6a CMakeFiles/FreeRTOS-Template.dir/D_/Tools/FreeRTOS-KernelV11.0.1/portable/ThirdParty/GCC/RP2040/port.c.obj
 *fill*         0x10007836        0x2 
 .rodata.vPortExitCritical.str1.4
                0x10007838       0x12 CMakeFiles/FreeRTOS-Template.dir/D_/Tools/FreeRTOS-KernelV11.0.1/portable/ThirdParty/GCC/RP2040/port.c.obj
 *fill*         0x1000784a        0x2 
 .rodata.vPortLockInternalSpinUnlockWithWait.str1.4
                0x1000784c       0x7e CMakeFiles/FreeRTOS-Template.dir/D_/Tools/FreeRTOS-KernelV11.0.1/portable/ThirdParty/GCC/RP2040/port.c.obj
 *fill*         0x100078ca        0x2 
 .rodata.__func__.0
                0x100078cc       0x15 CMakeFiles/FreeRTOS-Template.dir/D_/Tools/FreeRTOS-KernelV11.0.1/portable/ThirdParty/GCC/RP2040/port.c.obj
 *fill*         0x100078e1        0x3 
 .rodata.__func__.1
                0x100078e4       0x37 CMakeFiles/FreeRTOS-Template.dir/D_/Tools/FreeRTOS-KernelV11.0.1/portable/ThirdParty/GCC/RP2040/port.c.obj
 *fill*         0x1000791b        0x1 
 .rodata.__func__.4
                0x1000791c       0x12 CMakeFiles/FreeRTOS-Template.dir/D_/Tools/FreeRTOS-KernelV11.0.1/portable/ThirdParty/GCC/RP2040/port.c.obj
 *fill*         0x1000792e        0x2 
 .rodata.__func__.5
                0x10007930        0xb CMakeFiles/FreeRTOS-Template.dir/D_/Tools/FreeRTOS-KernelV11.0.1/portable/ThirdParty/GCC/RP2040/port.c.obj
 *fill*         0x1000793b        0x1 
 .rodata.xEventGroupWaitBits.str1.4
                0x1000793c       0xe3 CMakeFiles/FreeRTOS-Template.dir/D_/Tools/FreeRTOS-KernelV11.0.1/event_groups.c.obj
 *fill*         0x10007a1f        0x1 
 .rodata.xEventGroupSetBits.str1.4
                0x10007a20       0x35 CMakeFiles/FreeRTOS-Template.dir/D_/Tools/FreeRTOS-KernelV11.0.1/event_groups.c.obj
 *fill*         0x10007a55        0x3 
 .rodata.__func__.1
                0x10007a58       0x13 CMakeFiles/FreeRTOS-Template.dir/D_/Tools/FreeRTOS-KernelV11.0.1/event_groups.c.obj
 *fill*         0x10007a6b        0x1 
 .rodata.__func__.3
                0x10007a6c       0x14 CMakeFiles/FreeRTOS-Template.dir/D_/Tools/FreeRTOS-KernelV11.0.1/event_groups.c.obj
 .rodata.prvNotifyQueueSetContainer.str1.4
                0x10007a80       0xa6 CMakeFiles/FreeRTOS-Template.dir/D_/Tools/FreeRTOS-KernelV11.0.1/queue.c.obj
 *fill*         0x10007b26        0x2 
 .rodata.xQueueGenericReset.str1.4
                0x10007b28       0x2c CMakeFiles/FreeRTOS-Template.dir/D_/Tools/FreeRTOS-KernelV11.0.1/queue.c.obj
 .rodata.xQueueGenericCreate.str1.4
                0x10007b54        0xb CMakeFiles/FreeRTOS-Template.dir/D_/Tools/FreeRTOS-KernelV11.0.1/queue.c.obj
 *fill*         0x10007b5f        0x1 
 .rodata.xQueueGenericSend.str1.4
                0x10007b60       0xa5 CMakeFiles/FreeRTOS-Template.dir/D_/Tools/FreeRTOS-KernelV11.0.1/queue.c.obj
                                 0xfb (size before relaxing)
 *fill*         0x10007c05        0x3 
 .rodata.xQueueReceive.str1.4
                0x10007c08       0x66 CMakeFiles/FreeRTOS-Template.dir/D_/Tools/FreeRTOS-KernelV11.0.1/queue.c.obj
 *fill*         0x10007c6e        0x2 
 .rodata.uxQueueMessagesWaiting.str1.4
                0x10007c70        0x7 CMakeFiles/FreeRTOS-Template.dir/D_/Tools/FreeRTOS-KernelV11.0.1/queue.c.obj
 *fill*         0x10007c77        0x1 
 .rodata.__func__.13
                0x10007c78        0xe CMakeFiles/FreeRTOS-Template.dir/D_/Tools/FreeRTOS-KernelV11.0.1/queue.c.obj
 *fill*         0x10007c86        0x2 
 .rodata.__func__.15
                0x10007c88       0x19 CMakeFiles/FreeRTOS-Template.dir/D_/Tools/FreeRTOS-KernelV11.0.1/queue.c.obj
 *fill*         0x10007ca1        0x3 
 .rodata.__func__.16
                0x10007ca4       0x1b CMakeFiles/FreeRTOS-Template.dir/D_/Tools/FreeRTOS-KernelV11.0.1/queue.c.obj
 *fill*         0x10007cbf        0x1 
 .rodata.__func__.2
                0x10007cc0       0x14 CMakeFiles/FreeRTOS-Template.dir/D_/Tools/FreeRTOS-KernelV11.0.1/queue.c.obj
 .rodata.__func__.23
                0x10007cd4       0x14 CMakeFiles/FreeRTOS-Template.dir/D_/Tools/FreeRTOS-KernelV11.0.1/queue.c.obj
 .rodata.__func__.24
                0x10007ce8       0x13 CMakeFiles/FreeRTOS-Template.dir/D_/Tools/FreeRTOS-KernelV11.0.1/queue.c.obj
 *fill*         0x10007cfb        0x1 
 .rodata.prvTaskIsTaskSuspended.str1.4
                0x10007cfc       0x30 CMakeFiles/FreeRTOS-Template.dir/D_/Tools/FreeRTOS-KernelV11.0.1/tasks.c.obj
 .rodata.prvInitialiseNewTask.str1.4
                0x10007d2c       0x10 CMakeFiles/FreeRTOS-Template.dir/D_/Tools/FreeRTOS-KernelV11.0.1/tasks.c.obj
 .rodata.prvCreateIdleTasks.str1.4
                0x10007d3c        0x5 CMakeFiles/FreeRTOS-Template.dir/D_/Tools/FreeRTOS-KernelV11.0.1/tasks.c.obj
 *fill*         0x10007d41        0x3 
 .rodata.vTaskStartScheduler.str1.4
                0x10007d44       0x12 CMakeFiles/FreeRTOS-Template.dir/D_/Tools/FreeRTOS-KernelV11.0.1/tasks.c.obj
 *fill*         0x10007d56        0x2 
 .rodata.xTaskIncrementTick.str1.4
                0x10007d58       0x76 CMakeFiles/FreeRTOS-Template.dir/D_/Tools/FreeRTOS-KernelV11.0.1/tasks.c.obj
 *fill*         0x10007dce        0x2 
 .rodata.xTaskResumeAll.str1.4
                0x10007dd0       0x1b CMakeFiles/FreeRTOS-Template.dir/D_/Tools/FreeRTOS-KernelV11.0.1/tasks.c.obj
 *fill*         0x10007deb        0x1 
 .rodata.xTaskDelayUntil.str1.4
                0x10007dec       0x47 CMakeFiles/FreeRTOS-Template.dir/D_/Tools/FreeRTOS-KernelV11.0.1/tasks.c.obj
 *fill*         0x10007e33        0x1 
 .rodata.vTaskSwitchContext.str1.4
                0x10007e34        0xe CMakeFiles/FreeRTOS-Template.dir/D_/Tools/FreeRTOS-KernelV11.0.1/tasks.c.obj
 *fill*         0x10007e42        0x2 
 .rodata.vTaskPlaceOnEventList.str1.4
                0x10007e44        0xc CMakeFiles/FreeRTOS-Template.dir/D_/Tools/FreeRTOS-KernelV11.0.1/tasks.c.obj
 .rodata.vTaskPlaceOnUnorderedEventList.str1.4
                0x10007e50       0x2b CMakeFiles/FreeRTOS-Template.dir/D_/Tools/FreeRTOS-KernelV11.0.1/tasks.c.obj
 *fill*         0x10007e7b        0x1 
 .rodata.xTaskRemoveFromEventList.str1.4
                0x10007e7c        0xf CMakeFiles/FreeRTOS-Template.dir/D_/Tools/FreeRTOS-KernelV11.0.1/tasks.c.obj
 *fill*         0x10007e8b        0x1 
 .rodata.vTaskSetTimeOutState.str1.4
                0x10007e8c        0xa CMakeFiles/FreeRTOS-Template.dir/D_/Tools/FreeRTOS-KernelV11.0.1/tasks.c.obj
 *fill*         0x10007e96        0x2 
 .rodata.xTaskCheckForTimeOut.str1.4
                0x10007e98        0xe CMakeFiles/FreeRTOS-Template.dir/D_/Tools/FreeRTOS-KernelV11.0.1/tasks.c.obj
 *fill*         0x10007ea6        0x2 
 .rodata.xTaskPriorityDisinherit.str1.4
                0x10007ea8       0x2d CMakeFiles/FreeRTOS-Template.dir/D_/Tools/FreeRTOS-KernelV11.0.1/tasks.c.obj
 *fill*         0x10007ed5        0x3 
 .rodata.__func__.10
                0x10007ed8       0x15 CMakeFiles/FreeRTOS-Template.dir/D_/Tools/FreeRTOS-KernelV11.0.1/tasks.c.obj
 *fill*         0x10007eed        0x3 
 .rodata.__func__.12
                0x10007ef0       0x22 CMakeFiles/FreeRTOS-Template.dir/D_/Tools/FreeRTOS-KernelV11.0.1/tasks.c.obj
 *fill*         0x10007f12        0x2 
 .rodata.__func__.13
                0x10007f14       0x19 CMakeFiles/FreeRTOS-Template.dir/D_/Tools/FreeRTOS-KernelV11.0.1/tasks.c.obj
 *fill*         0x10007f2d        0x3 
 .rodata.__func__.14
                0x10007f30       0x20 CMakeFiles/FreeRTOS-Template.dir/D_/Tools/FreeRTOS-KernelV11.0.1/tasks.c.obj
 .rodata.__func__.15
                0x10007f50       0x1f CMakeFiles/FreeRTOS-Template.dir/D_/Tools/FreeRTOS-KernelV11.0.1/tasks.c.obj
 *fill*         0x10007f6f        0x1 
 .rodata.__func__.16
                0x10007f70       0x16 CMakeFiles/FreeRTOS-Template.dir/D_/Tools/FreeRTOS-KernelV11.0.1/tasks.c.obj
 *fill*         0x10007f86        0x2 
 .rodata.__func__.17
                0x10007f88       0x13 CMakeFiles/FreeRTOS-Template.dir/D_/Tools/FreeRTOS-KernelV11.0.1/tasks.c.obj
 *fill*         0x10007f9b        0x1 
 .rodata.__func__.18
                0x10007f9c       0x13 CMakeFiles/FreeRTOS-Template.dir/D_/Tools/FreeRTOS-KernelV11.0.1/tasks.c.obj
 *fill*         0x10007faf        0x1 
 .rodata.__func__.25
                0x10007fb0        0xf CMakeFiles/FreeRTOS-Template.dir/D_/Tools/FreeRTOS-KernelV11.0.1/tasks.c.obj
 *fill*         0x10007fbf        0x1 
 .rodata.__func__.26
                0x10007fc0       0x14 CMakeFiles/FreeRTOS-Template.dir/D_/Tools/FreeRTOS-KernelV11.0.1/tasks.c.obj
 .rodata.__func__.33
                0x10007fd4        0xb CMakeFiles/FreeRTOS-Template.dir/D_/Tools/FreeRTOS-KernelV11.0.1/tasks.c.obj
 *fill*         0x10007fdf        0x1 
 .rodata.__func__.36
                0x10007fe0       0x15 CMakeFiles/FreeRTOS-Template.dir/D_/Tools/FreeRTOS-KernelV11.0.1/tasks.c.obj
 *fill*         0x10007ff5        0x3 
 .rodata.__func__.8
                0x10007ff8       0x18 CMakeFiles/FreeRTOS-Template.dir/D_/Tools/FreeRTOS-KernelV11.0.1/tasks.c.obj
 .rodata.prvProcessReceivedCommands.str1.4
                0x10008010       0x51 CMakeFiles/FreeRTOS-Template.dir/D_/Tools/FreeRTOS-KernelV11.0.1/timers.c.obj
 *fill*         0x10008061        0x3 
 .rodata.prvProcessReceivedCommands
                0x10008064       0x28 CMakeFiles/FreeRTOS-Template.dir/D_/Tools/FreeRTOS-KernelV11.0.1/timers.c.obj
 .rodata.prvCheckForValidListAndQueue.str1.4
                0x1000808c        0x5 CMakeFiles/FreeRTOS-Template.dir/D_/Tools/FreeRTOS-KernelV11.0.1/timers.c.obj
 *fill*         0x10008091        0x3 
 .rodata.xTimerCreateTimerTask.str1.4
                0x10008094       0x10 CMakeFiles/FreeRTOS-Template.dir/D_/Tools/FreeRTOS-KernelV11.0.1/timers.c.obj
 .rodata.__func__.13
                0x100080a4       0x1b CMakeFiles/FreeRTOS-Template.dir/D_/Tools/FreeRTOS-KernelV11.0.1/timers.c.obj
 *fill*         0x100080bf        0x1 
 .rodata.__func__.15
                0x100080c0       0x16 CMakeFiles/FreeRTOS-Template.dir/D_/Tools/FreeRTOS-KernelV11.0.1/timers.c.obj
 *fill*         0x100080d6        0x2 
 .rodata.exception_set_exclusive_handler.str1.4
                0x100080d8       0x93 CMakeFiles/FreeRTOS-Template.dir/D_/Tools/vsarm-rpi-pico/pico-sdk/src/rp2_common/hardware_exception/exception.c.obj
 *fill*         0x1000816b        0x1 
 .rodata.__func__.1
                0x1000816c       0x20 CMakeFiles/FreeRTOS-Template.dir/D_/Tools/vsarm-rpi-pico/pico-sdk/src/rp2_common/hardware_exception/exception.c.obj
                0x1000818c                . = ALIGN (0x4)
 *(SORT_BY_ALIGNMENT(SORT_BY_NAME(.flashdata*)))
                0x1000818c                . = ALIGN (0x4)

.ARM.extab
 *(.ARM.extab* .gnu.linkonce.armextab.*)
                0x1000818c                __exidx_start = .

.ARM.exidx
 *(.ARM.exidx* .gnu.linkonce.armexidx.*)
                0x1000818c                __exidx_end = .
                0x1000818c                . = ALIGN (0x4)
                0x1000818c                __binary_info_start = .

.binary_info    0x1000818c       0x1c
 *(.binary_info.keep.*)
 .binary_info.keep.__bi_ptr22
                0x1000818c        0x4 CMakeFiles/FreeRTOS-Template.dir/D_/Tools/vsarm-rpi-pico/pico-sdk/src/rp2_common/pico_standard_link/binary_info.c.obj
 .binary_info.keep.__bi_ptr30
                0x10008190        0x4 CMakeFiles/FreeRTOS-Template.dir/D_/Tools/vsarm-rpi-pico/pico-sdk/src/rp2_common/pico_standard_link/binary_info.c.obj
 .binary_info.keep.__bi_ptr38
                0x10008194        0x4 CMakeFiles/FreeRTOS-Template.dir/D_/Tools/vsarm-rpi-pico/pico-sdk/src/rp2_common/pico_standard_link/binary_info.c.obj
 .binary_info.keep.__bi_ptr44
                0x10008198        0x4 CMakeFiles/FreeRTOS-Template.dir/D_/Tools/vsarm-rpi-pico/pico-sdk/src/rp2_common/pico_standard_link/binary_info.c.obj
 .binary_info.keep.__bi_ptr50
                0x1000819c        0x4 CMakeFiles/FreeRTOS-Template.dir/D_/Tools/vsarm-rpi-pico/pico-sdk/src/rp2_common/pico_standard_link/binary_info.c.obj
 .binary_info.keep.__bi_ptr75
                0x100081a0        0x4 CMakeFiles/FreeRTOS-Template.dir/D_/Tools/vsarm-rpi-pico/pico-sdk/src/rp2_common/pico_standard_link/binary_info.c.obj
 .binary_info.keep.__bi_ptr81
                0x100081a4        0x4 CMakeFiles/FreeRTOS-Template.dir/D_/Tools/vsarm-rpi-pico/pico-sdk/src/rp2_common/pico_standard_link/binary_info.c.obj
 *(.binary_info.*)
                0x100081a8                __binary_info_end = .

.rel.dyn        0x100081a8        0x0
 .rel.iplt      0x100081a8        0x0 d:/tools/vsarm-rpi-pico/toolchain/10 2021.10/bin/../lib/gcc/arm-none-eabi/10.3.1/thumb/v6-m/nofp/crtbegin.o
                0x100081a8                . = ALIGN (0x4)

.ram_vector_table
                0x20000000       0xc0
 *(.ram_vector_table)
 .ram_vector_table
                0x20000000       0xc0 CMakeFiles/FreeRTOS-Template.dir/D_/Tools/vsarm-rpi-pico/pico-sdk/src/rp2_common/pico_runtime/runtime.c.obj
                0x20000000                ram_vector_table

.data           0x200000c0      0x240 load address 0x100081a8
                0x200000c0                __data_start__ = .
 *(vtable)
 *(.time_critical*)
 .time_critical.mutex_try_enter
                0x200000c0       0x42 CMakeFiles/FreeRTOS-Template.dir/D_/Tools/vsarm-rpi-pico/pico-sdk/src/common/pico_sync/mutex.c.obj
                0x200000c0                mutex_try_enter
 *fill*         0x20000102        0x2 
 .time_critical.mutex_enter_block_until
                0x20000104       0x78 CMakeFiles/FreeRTOS-Template.dir/D_/Tools/vsarm-rpi-pico/pico-sdk/src/common/pico_sync/mutex.c.obj
                0x20000104                mutex_enter_block_until
 .time_critical.mutex_try_enter_block_until
                0x2000017c       0x32 CMakeFiles/FreeRTOS-Template.dir/D_/Tools/vsarm-rpi-pico/pico-sdk/src/common/pico_sync/mutex.c.obj
                0x2000017c                mutex_try_enter_block_until
 *fill*         0x200001ae        0x2 
 .time_critical.mutex_exit
                0x200001b0       0x40 CMakeFiles/FreeRTOS-Template.dir/D_/Tools/vsarm-rpi-pico/pico-sdk/src/common/pico_sync/mutex.c.obj
                0x200001b0                mutex_exit
 *(.text*)
 .text          0x200001f0        0x4 d:/tools/vsarm-rpi-pico/toolchain/10 2021.10/bin/../lib/gcc/arm-none-eabi/10.3.1/thumb/v6-m/nofp\libgcc.a(_dvmd_tls.o)
                0x200001f0                __aeabi_idiv0
                0x200001f0                __aeabi_ldiv0
 *fill*         0x200001f4        0x4 
 .text.__stub   0x200001f8       0x40 linker stubs
                0x20000238                . = ALIGN (0x4)
 *(.rodata*)
                0x20000238                . = ALIGN (0x4)
 *(.data*)
 .data.striped_spin_lock_num
                0x20000238        0x1 CMakeFiles/FreeRTOS-Template.dir/D_/Tools/vsarm-rpi-pico/pico-sdk/src/rp2_common/hardware_sync/sync.c.obj
 *fill*         0x20000239        0x3 
 .data          0x2000023c       0x48 CMakeFiles/FreeRTOS-Template.dir/D_/Tools/vsarm-rpi-pico/pico-sdk/src/rp2_common/hardware_irq/irq_handler_chain.S.obj
                0x2000023c                irq_handler_chain_slots
                0x2000026c                irq_handler_chain_first_slot
                0x20000276                irq_handler_chain_remove_tail
 .data.default_alarm_pool
                0x20000284       0x18 CMakeFiles/FreeRTOS-Template.dir/D_/Tools/vsarm-rpi-pico/pico-sdk/src/common/pico_time/time.c.obj
 .data.default_alarm_pool_heap
                0x2000029c       0x10 CMakeFiles/FreeRTOS-Template.dir/D_/Tools/vsarm-rpi-pico/pico-sdk/src/common/pico_time/time.c.obj
 *fill*         0x200002ac        0x4 
 .data.aeabi_bits_funcs
                0x200002b0       0x10 CMakeFiles/FreeRTOS-Template.dir/D_/Tools/vsarm-rpi-pico/pico-sdk/src/rp2_common/pico_bit_ops/bit_ops_aeabi.S.obj
                0x200002b0                aeabi_bits_funcs
                0x200002c0                aeabi_bits_funcs_end
 .data.aeabi_mem_funcs
                0x200002c0       0x10 CMakeFiles/FreeRTOS-Template.dir/D_/Tools/vsarm-rpi-pico/pico-sdk/src/rp2_common/pico_mem_ops/mem_ops_aeabi.S.obj
                0x200002c0                aeabi_mem_funcs
                0x200002d0                aeabi_mem_funcs_end
 .data.ucPrimaryCoreNum
                0x200002d0        0x1 CMakeFiles/FreeRTOS-Template.dir/D_/Tools/FreeRTOS-KernelV11.0.1/portable/ThirdParty/GCC/RP2040/port.c.obj
 *fill*         0x200002d1        0x3 
 .data.uxTopUsedPriority
                0x200002d4        0x4 CMakeFiles/FreeRTOS-Template.dir/D_/Tools/FreeRTOS-KernelV11.0.1/tasks.c.obj
                0x200002d8                . = ALIGN (0x4)
 *(.after_data.*)
                0x200002d8                . = ALIGN (0x4)
                0x200002d8                PROVIDE (__mutex_array_start = .)
 *(SORT_BY_NAME(.mutex_array.*))
 *(.mutex_array)
 .mutex_array   0x200002d8        0x8 CMakeFiles/FreeRTOS-Template.dir/D_/Tools/vsarm-rpi-pico/pico-sdk/src/rp2_common/pico_malloc/pico_malloc.c.obj
 .mutex_array   0x200002e0        0x8 CMakeFiles/FreeRTOS-Template.dir/D_/Tools/vsarm-rpi-pico/pico-sdk/src/rp2_common/pico_stdio/stdio.c.obj
                0x200002e8                PROVIDE (__mutex_array_end = .)
                0x200002e8                . = ALIGN (0x4)
                0x200002e8                PROVIDE (__preinit_array_start = .)
 *(SORT_BY_NAME(.preinit_array.*))
 .preinit_array.00001
                0x200002e8        0x4 CMakeFiles/FreeRTOS-Template.dir/D_/Tools/vsarm-rpi-pico/pico-sdk/src/rp2_common/pico_mem_ops/mem_ops_aeabi.S.obj
 .preinit_array.00010
                0x200002ec        0x4 CMakeFiles/FreeRTOS-Template.dir/D_/Tools/vsarm-rpi-pico/pico-sdk/src/rp2_common/pico_bit_ops/bit_ops_aeabi.S.obj
 .preinit_array.00020
                0x200002f0        0x4 CMakeFiles/FreeRTOS-Template.dir/D_/Tools/vsarm-rpi-pico/pico-sdk/src/rp2_common/pico_double/double_aeabi.S.obj
 .preinit_array.00020
                0x200002f4        0x4 CMakeFiles/FreeRTOS-Template.dir/D_/Tools/vsarm-rpi-pico/pico-sdk/src/rp2_common/pico_float/float_aeabi.S.obj
 *(.preinit_array)
                0x200002f8                PROVIDE (__preinit_array_end = .)
                0x200002f8                . = ALIGN (0x4)
                0x200002f8                PROVIDE (__init_array_start = .)
 *(SORT_BY_NAME(.init_array.*))
 *(.init_array)
 .init_array    0x200002f8        0x4 d:/tools/vsarm-rpi-pico/toolchain/10 2021.10/bin/../lib/gcc/arm-none-eabi/10.3.1/thumb/v6-m/nofp/crtbegin.o
 .init_array    0x200002fc        0x4 CMakeFiles/FreeRTOS-Template.dir/D_/Tools/FreeRTOS-KernelV11.0.1/portable/ThirdParty/GCC/RP2040/port.c.obj
                0x20000300                PROVIDE (__init_array_end = .)
                0x20000300                . = ALIGN (0x4)
                [!provide]                PROVIDE (__fini_array_start = .)
 *(SORT_BY_NAME(.fini_array.*))
 *(.fini_array)
                [!provide]                PROVIDE (__fini_array_end = .)
 *(.jcr)
                0x20000300                . = ALIGN (0x4)
                0x20000300                __data_end__ = .
                0x100081a8                __etext = LOADADDR (.data)

.igot.plt       0x20000300        0x0 load address 0x100083e8
 .igot.plt      0x20000300        0x0 d:/tools/vsarm-rpi-pico/toolchain/10 2021.10/bin/../lib/gcc/arm-none-eabi/10.3.1/thumb/v6-m/nofp/crtbegin.o

.uninitialized_data
                0x20000300        0x0 load address 0x100083e8
                0x20000300                . = ALIGN (0x4)
 *(.uninitialized_data*)

.scratch_x      0x20040000        0x0 load address 0x100083e8
                0x20040000                __scratch_x_start__ = .
 *(.scratch_x.*)
                0x20040000                . = ALIGN (0x4)
                0x20040000                __scratch_x_end__ = .
                0x100083e8                __scratch_x_source__ = LOADADDR (.scratch_x)

.scratch_y      0x20041000        0x0 load address 0x100083e8
                0x20041000                __scratch_y_start__ = .
 *(.scratch_y.*)
                0x20041000                . = ALIGN (0x4)
                0x20041000                __scratch_y_end__ = .
                0x100083e8                __scratch_y_source__ = LOADADDR (.scratch_y)

.bss            0x20000300    0x20798
                0x20000300                . = ALIGN (0x4)
                0x20000300                __bss_start__ = .
 *(SORT_BY_ALIGNMENT(SORT_BY_NAME(.bss*)))
 .bss.default_alarm_pool_entries
                0x20000300      0x100 CMakeFiles/FreeRTOS-Template.dir/D_/Tools/vsarm-rpi-pico/pico-sdk/src/common/pico_time/time.c.obj
 .bss           0x20000400       0x1c d:/tools/vsarm-rpi-pico/toolchain/10 2021.10/bin/../lib/gcc/arm-none-eabi/10.3.1/thumb/v6-m/nofp/crtbegin.o
 .bss.alarm_callbacks
                0x2000041c       0x10 CMakeFiles/FreeRTOS-Template.dir/D_/Tools/vsarm-rpi-pico/pico-sdk/src/rp2_common/hardware_timer/timer.c.obj
 .bss.configured_freq
                0x2000042c       0x28 CMakeFiles/FreeRTOS-Template.dir/D_/Tools/vsarm-rpi-pico/pico-sdk/src/rp2_common/hardware_clocks/clocks.c.obj
 .bss.default_alarm_pool_entry_ids_high
                0x20000454       0x10 CMakeFiles/FreeRTOS-Template.dir/D_/Tools/vsarm-rpi-pico/pico-sdk/src/common/pico_time/time.c.obj
 .bss.default_alarm_pool_heap_nodes
                0x20000464       0x30 CMakeFiles/FreeRTOS-Template.dir/D_/Tools/vsarm-rpi-pico/pico-sdk/src/common/pico_time/time.c.obj
 .bss.drivers   0x20000494        0x4 CMakeFiles/FreeRTOS-Template.dir/D_/Tools/vsarm-rpi-pico/pico-sdk/src/rp2_common/pico_stdio/stdio.c.obj
 .bss.filter    0x20000498        0x4 CMakeFiles/FreeRTOS-Template.dir/D_/Tools/vsarm-rpi-pico/pico-sdk/src/rp2_common/pico_stdio/stdio.c.obj
 .bss.pools     0x2000049c       0x10 CMakeFiles/FreeRTOS-Template.dir/D_/Tools/vsarm-rpi-pico/pico-sdk/src/common/pico_time/time.c.obj
 .bss.pxCrossCoreSpinLock
                0x200004ac        0x4 CMakeFiles/FreeRTOS-Template.dir/D_/Tools/FreeRTOS-KernelV11.0.1/portable/ThirdParty/GCC/RP2040/port.c.obj
 .bss.pxCurrentTCB
                0x200004b0        0x4 CMakeFiles/FreeRTOS-Template.dir/D_/Tools/FreeRTOS-KernelV11.0.1/tasks.c.obj
                0x200004b0                pxCurrentTCB
 .bss.pxCurrentTimerList
                0x200004b4        0x4 CMakeFiles/FreeRTOS-Template.dir/D_/Tools/FreeRTOS-KernelV11.0.1/timers.c.obj
 .bss.pxDelayedTaskList
                0x200004b8        0x4 CMakeFiles/FreeRTOS-Template.dir/D_/Tools/FreeRTOS-KernelV11.0.1/tasks.c.obj
 .bss.pxEnd     0x200004bc        0x4 CMakeFiles/FreeRTOS-Template.dir/D_/Tools/FreeRTOS-KernelV11.0.1/portable/MemMang/heap_4.c.obj
 .bss.pxOverflowDelayedTaskList
                0x200004c0        0x4 CMakeFiles/FreeRTOS-Template.dir/D_/Tools/FreeRTOS-KernelV11.0.1/tasks.c.obj
 .bss.pxOverflowTimerList
                0x200004c4        0x4 CMakeFiles/FreeRTOS-Template.dir/D_/Tools/FreeRTOS-KernelV11.0.1/timers.c.obj
 .bss.pxReadyTasksLists
                0x200004c8      0x280 CMakeFiles/FreeRTOS-Template.dir/D_/Tools/FreeRTOS-KernelV11.0.1/tasks.c.obj
 .bss.pxYieldSpinLock
                0x20000748        0x4 CMakeFiles/FreeRTOS-Template.dir/D_/Tools/FreeRTOS-KernelV11.0.1/portable/ThirdParty/GCC/RP2040/port.c.obj
 .bss.sd_table  0x2000074c      0x100 CMakeFiles/FreeRTOS-Template.dir/D_/Tools/vsarm-rpi-pico/pico-sdk/src/rp2_common/pico_double/double_init_rom.c.obj
                0x2000074c                sd_table
 .bss.sf_clz_func
                0x2000084c        0x4 CMakeFiles/FreeRTOS-Template.dir/D_/Tools/vsarm-rpi-pico/pico-sdk/src/rp2_common/pico_double/double_init_rom.c.obj
                0x2000084c                sf_clz_func
 .bss.sf_table  0x20000850      0x100 CMakeFiles/FreeRTOS-Template.dir/D_/Tools/vsarm-rpi-pico/pico-sdk/src/rp2_common/pico_float/float_init_rom.c.obj
                0x20000850                sf_table
 .bss.sleep_notifier
                0x20000950        0x4 CMakeFiles/FreeRTOS-Template.dir/D_/Tools/vsarm-rpi-pico/pico-sdk/src/common/pico_time/time.c.obj
 .bss.target_hi
                0x20000954       0x10 CMakeFiles/FreeRTOS-Template.dir/D_/Tools/vsarm-rpi-pico/pico-sdk/src/rp2_common/hardware_timer/timer.c.obj
 .bss.ucHeap    0x20000964    0x20000 CMakeFiles/FreeRTOS-Template.dir/D_/Tools/FreeRTOS-KernelV11.0.1/portable/MemMang/heap_4.c.obj
 .bss.ulYieldSpinLockSaveValue
                0x20020964        0x4 CMakeFiles/FreeRTOS-Template.dir/D_/Tools/FreeRTOS-KernelV11.0.1/portable/ThirdParty/GCC/RP2040/port.c.obj
 .bss.uxCriticalNesting
                0x20020968        0x4 CMakeFiles/FreeRTOS-Template.dir/D_/Tools/FreeRTOS-KernelV11.0.1/portable/ThirdParty/GCC/RP2040/port.c.obj
 .bss.uxCrossCoreEventBits
                0x2002096c        0x4 CMakeFiles/FreeRTOS-Template.dir/D_/Tools/FreeRTOS-KernelV11.0.1/portable/ThirdParty/GCC/RP2040/port.c.obj
 .bss.uxCurrentNumberOfTasks
                0x20020970        0x4 CMakeFiles/FreeRTOS-Template.dir/D_/Tools/FreeRTOS-KernelV11.0.1/tasks.c.obj
 .bss.uxDeletedTasksWaitingCleanUp
                0x20020974        0x4 CMakeFiles/FreeRTOS-Template.dir/D_/Tools/FreeRTOS-KernelV11.0.1/tasks.c.obj
 .bss.uxSchedulerSuspended
                0x20020978        0x4 CMakeFiles/FreeRTOS-Template.dir/D_/Tools/FreeRTOS-KernelV11.0.1/tasks.c.obj
 .bss.uxTaskNumber
                0x2002097c        0x4 CMakeFiles/FreeRTOS-Template.dir/D_/Tools/FreeRTOS-KernelV11.0.1/tasks.c.obj
 .bss.uxTopReadyPriority
                0x20020980        0x4 CMakeFiles/FreeRTOS-Template.dir/D_/Tools/FreeRTOS-KernelV11.0.1/tasks.c.obj
 .bss.xActiveTimerList1
                0x20020984       0x14 CMakeFiles/FreeRTOS-Template.dir/D_/Tools/FreeRTOS-KernelV11.0.1/timers.c.obj
 .bss.xActiveTimerList2
                0x20020998       0x14 CMakeFiles/FreeRTOS-Template.dir/D_/Tools/FreeRTOS-KernelV11.0.1/timers.c.obj
 .bss.xDelayedTaskList1
                0x200209ac       0x14 CMakeFiles/FreeRTOS-Template.dir/D_/Tools/FreeRTOS-KernelV11.0.1/tasks.c.obj
 .bss.xDelayedTaskList2
                0x200209c0       0x14 CMakeFiles/FreeRTOS-Template.dir/D_/Tools/FreeRTOS-KernelV11.0.1/tasks.c.obj
 .bss.xEventGroup
                0x200209d4        0x4 CMakeFiles/FreeRTOS-Template.dir/D_/Tools/FreeRTOS-KernelV11.0.1/portable/ThirdParty/GCC/RP2040/port.c.obj
 .bss.xFreeBytesRemaining
                0x200209d8        0x4 CMakeFiles/FreeRTOS-Template.dir/D_/Tools/FreeRTOS-KernelV11.0.1/portable/MemMang/heap_4.c.obj
 .bss.xIdleTaskHandles
                0x200209dc        0x4 CMakeFiles/FreeRTOS-Template.dir/D_/Tools/FreeRTOS-KernelV11.0.1/tasks.c.obj
 .bss.xLastTime.14
                0x200209e0        0x4 CMakeFiles/FreeRTOS-Template.dir/D_/Tools/FreeRTOS-KernelV11.0.1/timers.c.obj
 .bss.xMinimumEverFreeBytesRemaining
                0x200209e4        0x4 CMakeFiles/FreeRTOS-Template.dir/D_/Tools/FreeRTOS-KernelV11.0.1/portable/MemMang/heap_4.c.obj
 .bss.xNextTaskUnblockTime
                0x200209e8        0x4 CMakeFiles/FreeRTOS-Template.dir/D_/Tools/FreeRTOS-KernelV11.0.1/tasks.c.obj
 .bss.xNumOfOverflows
                0x200209ec        0x4 CMakeFiles/FreeRTOS-Template.dir/D_/Tools/FreeRTOS-KernelV11.0.1/tasks.c.obj
 .bss.xNumberOfSuccessfulAllocations
                0x200209f0        0x4 CMakeFiles/FreeRTOS-Template.dir/D_/Tools/FreeRTOS-KernelV11.0.1/portable/MemMang/heap_4.c.obj
 .bss.xNumberOfSuccessfulFrees
                0x200209f4        0x4 CMakeFiles/FreeRTOS-Template.dir/D_/Tools/FreeRTOS-KernelV11.0.1/portable/MemMang/heap_4.c.obj
 .bss.xPendedTicks
                0x200209f8        0x4 CMakeFiles/FreeRTOS-Template.dir/D_/Tools/FreeRTOS-KernelV11.0.1/tasks.c.obj
 .bss.xPendingReadyList
                0x200209fc       0x14 CMakeFiles/FreeRTOS-Template.dir/D_/Tools/FreeRTOS-KernelV11.0.1/tasks.c.obj
 .bss.xQueueRegistry
                0x20020a10       0x40 CMakeFiles/FreeRTOS-Template.dir/D_/Tools/FreeRTOS-KernelV11.0.1/queue.c.obj
                0x20020a10                xQueueRegistry
 .bss.xSchedulerRunning
                0x20020a50        0x4 CMakeFiles/FreeRTOS-Template.dir/D_/Tools/FreeRTOS-KernelV11.0.1/tasks.c.obj